../Program/Src/io.c:4:6:usb_log	0	static
../Program/Src/io.c:8:15:convert_index_to_port	0	static
../Program/Src/io.c:18:5:convert_index_to_pin	0	static
../Program/Src/io.c:32:6:get_led	0	static
../Program/Src/io.c:38:6:set_led	0	static
../Program/Src/io.c:48:6:set_all_led	4	static
../Program/Src/io.c:60:6:pull_and_update_inputs	56	static
../Program/Src/io.c:122:8:get_button	8	static
../Program/Src/io.c:126:7:get_thumb	16	static
../Program/Src/io.c:130:7:get_touch	0	static
../Program/Src/io.c:142:6:lcd_reset_low	0	static
../Program/Src/io.c:146:6:lcd_reset_high	0	static
../Program/Src/io.c:150:6:lcd_set_backlight	0	static
../Program/Src/io.c:158:6:lcd_set_pixel	16	static
../Program/Src/io.c:163:6:lcd_fill	16	static
../Program/Src/io.c:170:6:lcd_clear	8	static
../Program/Src/io.c:176:6:lcd_init	16	static
