../Drivers/external/lcd_ili9341.c:29:20:FMC_BANK1_SetAddress	16	static,ignoring_inline_asm
../Drivers/external/lcd_ili9341.c:42:20:FMC_BANK1_WriteData	16	static,ignoring_inline_asm
../Drivers/external/lcd_ili9341.c:56:24:FMC_BANK1_ReadData	4	static
../Drivers/external/lcd_ili9341.c:65:6:ILI9341_SetAddress	16	static
../Drivers/external/lcd_ili9341.c:76:6:ILI9341_SendData	24	static
../Drivers/external/lcd_ili9341.c:89:6:ILI9341_SendRepeatedData	24	static
../Drivers/external/lcd_ili9341.c:103:9:ILI9341_SendDataDMA	24	static
../Drivers/external/lcd_ili9341.c:138:6:ILI9341_RecvData	32	static
../Drivers/external/lcd_ili9341.c:150:6:ILI9341_SetOrientation	24	static
../Drivers/external/lcd_ili9341.c:181:6:ILI9341_SetDisplayWindow	40	static
../Drivers/external/lcd_ili9341.c:215:6:ILI9341_Init	32	static
../Drivers/external/lcd_ili9341.c:265:6:ILI9341_WaitTransfer	8	static
../Drivers/external/lcd_ili9341.c:273:6:ILI9341_DisplayOn	16	static
../Drivers/external/lcd_ili9341.c:280:6:ILI9341_DisplayOff	16	static
../Drivers/external/lcd_ili9341.c:287:6:ILI9341_InvertDisplay	24	static
../Drivers/external/lcd_ili9341.c:296:6:ILI9341_SetSleep	24	static
../Drivers/external/lcd_ili9341.c:309:6:ILI9341_SetScrollArea	32	static
../Drivers/external/lcd_ili9341.c:332:6:ILI9341_ScrollScreen	24	static
../Drivers/external/lcd_ili9341.c:358:10:ILI9341_GetParam	24	static
