../Drivers/STM32G4xx_HAL_Driver/Inc/stm32g4xx_ll_gpio.h:813:26:LL_GPIO_IsInputPinSet	16	static
../Drivers/STM32G4xx_HAL_Driver/Inc/stm32g4xx_ll_gpio.h:865:26:LL_GPIO_IsOutputPinSet	16	static
../Drivers/STM32G4xx_HAL_Driver/Inc/stm32g4xx_ll_gpio.h:894:22:LL_GPIO_SetOutputPin	16	static
../Drivers/STM32G4xx_HAL_Driver/Inc/stm32g4xx_ll_gpio.h:923:22:LL_GPIO_ResetOutputPin	16	static
../Program/Src/io.c:4:6:usb_log	16	static
../Program/Src/io.c:8:15:convert_index_to_port	16	static
../Program/Src/io.c:18:5:convert_index_to_pin	16	static
../Program/Src/io.c:32:6:get_led	24	static
../Program/Src/io.c:38:6:set_led	24	static
../Program/Src/io.c:54:6:pull_and_update_inputs	32	static
../Program/Src/io.c:116:8:get_button	24	static
../Program/Src/io.c:120:7:get_thumb	24	static
../Program/Src/io.c:124:7:get_touch	16	static
../Program/Src/io.c:136:6:lcd_reset_low	4	static
../Program/Src/io.c:140:6:lcd_reset_high	4	static
../Program/Src/io.c:144:6:lcd_set_backlight	16	static
../Program/Src/io.c:152:6:lcd_set_pixel	24	static
../Program/Src/io.c:157:6:lcd_fill	24	static
../Program/Src/io.c:164:6:lcd_clear	16	static
../Program/Src/io.c:170:6:lcd_init	8	static
