Archive member included to satisfy reference by file (symbol)

c:/st/stm32cubeide_1.9.0/stm32cubeide/plugins/com.st.stm32cube.ide.mcu.externaltools.gnu-tools-for-stm32.10.3-2021.10.win32_1.0.0.202111181127/tools/bin/../lib/gcc/arm-none-eabi/10.3.1/../../../../arm-none-eabi/lib/thumb/v7e-m+fp/hard\libm.a(lib_a-s_cos.o)
                              ./Program/Src/game.o (cos)
c:/st/stm32cubeide_1.9.0/stm32cubeide/plugins/com.st.stm32cube.ide.mcu.externaltools.gnu-tools-for-stm32.10.3-2021.10.win32_1.0.0.202111181127/tools/bin/../lib/gcc/arm-none-eabi/10.3.1/../../../../arm-none-eabi/lib/thumb/v7e-m+fp/hard\libm.a(lib_a-s_sin.o)
                              ./Program/Src/game.o (sin)
c:/st/stm32cubeide_1.9.0/stm32cubeide/plugins/com.st.stm32cube.ide.mcu.externaltools.gnu-tools-for-stm32.10.3-2021.10.win32_1.0.0.202111181127/tools/bin/../lib/gcc/arm-none-eabi/10.3.1/../../../../arm-none-eabi/lib/thumb/v7e-m+fp/hard\libm.a(lib_a-sf_cos.o)
                              ./Program/Src/util.o (cosf)
c:/st/stm32cubeide_1.9.0/stm32cubeide/plugins/com.st.stm32cube.ide.mcu.externaltools.gnu-tools-for-stm32.10.3-2021.10.win32_1.0.0.202111181127/tools/bin/../lib/gcc/arm-none-eabi/10.3.1/../../../../arm-none-eabi/lib/thumb/v7e-m+fp/hard\libm.a(lib_a-sf_sin.o)
                              ./Program/Src/util.o (sinf)
c:/st/stm32cubeide_1.9.0/stm32cubeide/plugins/com.st.stm32cube.ide.mcu.externaltools.gnu-tools-for-stm32.10.3-2021.10.win32_1.0.0.202111181127/tools/bin/../lib/gcc/arm-none-eabi/10.3.1/../../../../arm-none-eabi/lib/thumb/v7e-m+fp/hard\libm.a(lib_a-wf_atan2.o)
                              ./Program/Src/game.o (atan2f)
c:/st/stm32cubeide_1.9.0/stm32cubeide/plugins/com.st.stm32cube.ide.mcu.externaltools.gnu-tools-for-stm32.10.3-2021.10.win32_1.0.0.202111181127/tools/bin/../lib/gcc/arm-none-eabi/10.3.1/../../../../arm-none-eabi/lib/thumb/v7e-m+fp/hard\libm.a(lib_a-e_rem_pio2.o)
                              c:/st/stm32cubeide_1.9.0/stm32cubeide/plugins/com.st.stm32cube.ide.mcu.externaltools.gnu-tools-for-stm32.10.3-2021.10.win32_1.0.0.202111181127/tools/bin/../lib/gcc/arm-none-eabi/10.3.1/../../../../arm-none-eabi/lib/thumb/v7e-m+fp/hard\libm.a(lib_a-s_cos.o) (__ieee754_rem_pio2)
c:/st/stm32cubeide_1.9.0/stm32cubeide/plugins/com.st.stm32cube.ide.mcu.externaltools.gnu-tools-for-stm32.10.3-2021.10.win32_1.0.0.202111181127/tools/bin/../lib/gcc/arm-none-eabi/10.3.1/../../../../arm-none-eabi/lib/thumb/v7e-m+fp/hard\libm.a(lib_a-ef_atan2.o)
                              c:/st/stm32cubeide_1.9.0/stm32cubeide/plugins/com.st.stm32cube.ide.mcu.externaltools.gnu-tools-for-stm32.10.3-2021.10.win32_1.0.0.202111181127/tools/bin/../lib/gcc/arm-none-eabi/10.3.1/../../../../arm-none-eabi/lib/thumb/v7e-m+fp/hard\libm.a(lib_a-wf_atan2.o) (__ieee754_atan2f)
c:/st/stm32cubeide_1.9.0/stm32cubeide/plugins/com.st.stm32cube.ide.mcu.externaltools.gnu-tools-for-stm32.10.3-2021.10.win32_1.0.0.202111181127/tools/bin/../lib/gcc/arm-none-eabi/10.3.1/../../../../arm-none-eabi/lib/thumb/v7e-m+fp/hard\libm.a(lib_a-ef_rem_pio2.o)
                              c:/st/stm32cubeide_1.9.0/stm32cubeide/plugins/com.st.stm32cube.ide.mcu.externaltools.gnu-tools-for-stm32.10.3-2021.10.win32_1.0.0.202111181127/tools/bin/../lib/gcc/arm-none-eabi/10.3.1/../../../../arm-none-eabi/lib/thumb/v7e-m+fp/hard\libm.a(lib_a-sf_cos.o) (__ieee754_rem_pio2f)
c:/st/stm32cubeide_1.9.0/stm32cubeide/plugins/com.st.stm32cube.ide.mcu.externaltools.gnu-tools-for-stm32.10.3-2021.10.win32_1.0.0.202111181127/tools/bin/../lib/gcc/arm-none-eabi/10.3.1/../../../../arm-none-eabi/lib/thumb/v7e-m+fp/hard\libm.a(lib_a-k_cos.o)
                              c:/st/stm32cubeide_1.9.0/stm32cubeide/plugins/com.st.stm32cube.ide.mcu.externaltools.gnu-tools-for-stm32.10.3-2021.10.win32_1.0.0.202111181127/tools/bin/../lib/gcc/arm-none-eabi/10.3.1/../../../../arm-none-eabi/lib/thumb/v7e-m+fp/hard\libm.a(lib_a-s_cos.o) (__kernel_cos)
c:/st/stm32cubeide_1.9.0/stm32cubeide/plugins/com.st.stm32cube.ide.mcu.externaltools.gnu-tools-for-stm32.10.3-2021.10.win32_1.0.0.202111181127/tools/bin/../lib/gcc/arm-none-eabi/10.3.1/../../../../arm-none-eabi/lib/thumb/v7e-m+fp/hard\libm.a(lib_a-k_rem_pio2.o)
                              c:/st/stm32cubeide_1.9.0/stm32cubeide/plugins/com.st.stm32cube.ide.mcu.externaltools.gnu-tools-for-stm32.10.3-2021.10.win32_1.0.0.202111181127/tools/bin/../lib/gcc/arm-none-eabi/10.3.1/../../../../arm-none-eabi/lib/thumb/v7e-m+fp/hard\libm.a(lib_a-e_rem_pio2.o) (__kernel_rem_pio2)
c:/st/stm32cubeide_1.9.0/stm32cubeide/plugins/com.st.stm32cube.ide.mcu.externaltools.gnu-tools-for-stm32.10.3-2021.10.win32_1.0.0.202111181127/tools/bin/../lib/gcc/arm-none-eabi/10.3.1/../../../../arm-none-eabi/lib/thumb/v7e-m+fp/hard\libm.a(lib_a-k_sin.o)
[...]
Memory Configuration

Name             Origin             Length             Attributes
RAM              0x0000000020000000 0x0000000000020000 xrw
FLASH            0x0000000008000000 0x0000000000080000 xr
*default*        0x0000000000000000 0xffffffffffffffff

Linker script and memory map

LOAD c:/st/stm32cubeide_1.9.0/stm32cubeide/plugins/com.st.stm32cube.ide.mcu.externaltools.gnu-tools-for-stm32.10.3-2021.10.win32_1.0.0.202111181127/tools/bin/../lib/gcc/arm-none-eabi/10.3.1/thumb/v7e-m+fp/hard/crti.o
LOAD c:/st/stm32cubeide_1.9.0/stm32cubeide/plugins/com.st.stm32cube.ide.mcu.externaltools.gnu-tools-for-stm32.10.3-2021.10.win32_1.0.0.202111181127/tools/bin/../lib/gcc/arm-none-eabi/10.3.1/thumb/v7e-m+fp/hard/crtbegin.o
LOAD c:/st/stm32cubeide_1.9.0/stm32cubeide/plugins/com.st.stm32cube.ide.mcu.externaltools.gnu-tools-for-stm32.10.3-2021.10.win32_1.0.0.202111181127/tools/bin/../lib/gcc/arm-none-eabi/10.3.1/../../../../arm-none-eabi/lib/thumb/v7e-m+fp/hard/crt0.o
LOAD ./Core/Src/adc.o
LOAD ./Core/Src/crc.o
LOAD ./Core/Src/dac.o
LOAD ./Core/Src/dma.o
LOAD ./Core/Src/fdcan.o
LOAD ./Core/Src/fmc.o
LOAD ./Core/Src/gpio.o
LOAD ./Core/Src/i2c.o
LOAD ./Core/Src/main.o
LOAD ./Core/Src/quadspi.o
LOAD ./Core/Src/spi.o
LOAD ./Core/Src/stm32g4xx_hal_msp.o
LOAD ./Core/Src/stm32g4xx_it.o
LOAD ./Core/Src/syscalls.o
LOAD ./Core/Src/sysmem.o
LOAD ./Core/Src/system_stm32g4xx.o
LOAD ./Core/Src/tim.o
LOAD ./Core/Src/usart.o
LOAD ./Core/Startup/startup_stm32g474qetx.o
LOAD ./Drivers/STM32G4xx_HAL_Driver/Src/stm32g4xx_hal.o
LOAD ./Drivers/STM32G4xx_HAL_Driver/Src/stm32g4xx_hal_adc.o
LOAD ./Drivers/STM32G4xx_HAL_Driver/Src/stm32g4xx_hal_adc_ex.o
LOAD ./Drivers/STM32G4xx_HAL_Driver/Src/stm32g4xx_hal_cortex.o
LOAD ./Drivers/STM32G4xx_HAL_Driver/Src/stm32g4xx_hal_crc.o
LOAD ./Drivers/STM32G4xx_HAL_Driver/Src/stm32g4xx_hal_crc_ex.o
LOAD ./Drivers/STM32G4xx_HAL_Driver/Src/stm32g4xx_hal_dac.o
LOAD ./Drivers/STM32G4xx_HAL_Driver/Src/stm32g4xx_hal_dac_ex.o
LOAD ./Drivers/STM32G4xx_HAL_Driver/Src/stm32g4xx_hal_dma.o
LOAD ./Drivers/STM32G4xx_HAL_Driver/Src/stm32g4xx_hal_dma_ex.o
LOAD ./Drivers/STM32G4xx_HAL_Driver/Src/stm32g4xx_hal_exti.o
LOAD ./Drivers/STM32G4xx_HAL_Driver/Src/stm32g4xx_hal_fdcan.o
LOAD ./Drivers/STM32G4xx_HAL_Driver/Src/stm32g4xx_hal_flash.o
LOAD ./Drivers/STM32G4xx_HAL_Driver/Src/stm32g4xx_hal_flash_ex.o
LOAD ./Drivers/STM32G4xx_HAL_Driver/Src/stm32g4xx_hal_flash_ramfunc.o
LOAD ./Drivers/STM32G4xx_HAL_Driver/Src/stm32g4xx_hal_gpio.o
LOAD ./Drivers/STM32G4xx_HAL_Driver/Src/stm32g4xx_hal_i2c.o
LOAD ./Drivers/STM32G4xx_HAL_Driver/Src/stm32g4xx_hal_i2c_ex.o
LOAD ./Drivers/STM32G4xx_HAL_Driver/Src/stm32g4xx_hal_pcd.o
LOAD ./Drivers/STM32G4xx_HAL_Driver/Src/stm32g4xx_hal_pcd_ex.o
LOAD ./Drivers/STM32G4xx_HAL_Driver/Src/stm32g4xx_hal_pwr.o
LOAD ./Drivers/STM32G4xx_HAL_Driver/Src/stm32g4xx_hal_pwr_ex.o
LOAD ./Drivers/STM32G4xx_HAL_Driver/Src/stm32g4xx_hal_qspi.o
LOAD ./Drivers/STM32G4xx_HAL_Driver/Src/stm32g4xx_hal_rcc.o
LOAD ./Drivers/STM32G4xx_HAL_Driver/Src/stm32g4xx_hal_rcc_ex.o
LOAD ./Drivers/STM32G4xx_HAL_Driver/Src/stm32g4xx_hal_spi.o
LOAD ./Drivers/STM32G4xx_HAL_Driver/Src/stm32g4xx_hal_spi_ex.o
LOAD ./Drivers/STM32G4xx_HAL_Driver/Src/stm32g4xx_hal_sram.o
LOAD ./Drivers/STM32G4xx_HAL_Driver/Src/stm32g4xx_hal_tim.o
LOAD ./Drivers/STM32G4xx_HAL_Driver/Src/stm32g4xx_hal_tim_ex.o
LOAD ./Drivers/STM32G4xx_HAL_Driver/Src/stm32g4xx_hal_uart.o
LOAD ./Drivers/STM32G4xx_HAL_Driver/Src/stm32g4xx_hal_uart_ex.o
LOAD ./Drivers/STM32G4xx_HAL_Driver/Src/stm32g4xx_ll_adc.o
LOAD ./Drivers/STM32G4xx_HAL_Driver/Src/stm32g4xx_ll_dma.o
LOAD ./Drivers/STM32G4xx_HAL_Driver/Src/stm32g4xx_ll_exti.o
LOAD ./Drivers/STM32G4xx_HAL_Driver/Src/stm32g4xx_ll_fmc.o
LOAD ./Drivers/STM32G4xx_HAL_Driver/Src/stm32g4xx_ll_gpio.o
LOAD ./Drivers/STM32G4xx_HAL_Driver/Src/stm32g4xx_ll_rcc.o
LOAD ./Drivers/STM32G4xx_HAL_Driver/Src/stm32g4xx_ll_tim.o
LOAD ./Drivers/STM32G4xx_HAL_Driver/Src/stm32g4xx_ll_usart.o
LOAD ./Drivers/STM32G4xx_HAL_Driver/Src/stm32g4xx_ll_usb.o
LOAD ./Drivers/STM32G4xx_HAL_Driver/Src/stm32g4xx_ll_utils.o
LOAD ./Drivers/external/XPT2046_touch.o
LOAD ./Drivers/external/lcd_ili9341.o
LOAD ./Middlewares/ST/STM32_USB_Device_Library/Class/CDC/Src/usbd_cdc.o
LOAD ./Middlewares/ST/STM32_USB_Device_Library/Core/Src/usbd_core.o
LOAD ./Middlewares/ST/STM32_USB_Device_Library/Core/Src/usbd_ctlreq.o
LOAD ./Middlewares/ST/STM32_USB_Device_Library/Core/Src/usbd_ioreq.o
LOAD ./Program/Src/draw.o
LOAD ./Program/Src/game.o
LOAD ./Program/Src/io.o
LOAD ./Program/Src/ui.o
LOAD ./Program/Src/util.o
LOAD ./USB_Device/App/usb_device.o
LOAD ./USB_Device/App/usbd_cdc_if.o
LOAD ./USB_Device/App/usbd_desc.o
LOAD ./USB_Device/Target/usbd_conf.o
START GROUP
LOAD c:/st/stm32cubeide_1.9.0/stm32cubeide/plugins/com.st.stm32cube.ide.mcu.externaltools.gnu-tools-for-stm32.10.3-2021.10.win32_1.0.0.202111181127/tools/bin/../lib/gcc/arm-none-eabi/10.3.1/../../../../arm-none-eabi/lib/thumb/v7e-m+fp/hard\libstdc++_nano.a
LOAD c:/st/stm32cubeide_1.9.0/stm32cubeide/plugins/com.st.stm32cube.ide.mcu.externaltools.gnu-tools-for-stm32.10.3-2021.10.win32_1.0.0.202111181127/tools/bin/../lib/gcc/arm-none-eabi/10.3.1/../../../../arm-none-eabi/lib/thumb/v7e-m+fp/hard\libsupc++_nano.a
END GROUP
LOAD c:/st/stm32cubeide_1.9.0/stm32cubeide/plugins/com.st.stm32cube.ide.mcu.externaltools.gnu-tools-for-stm32.10.3-2021.10.win32_1.0.0.202111181127/tools/bin/../lib/gcc/arm-none-eabi/10.3.1/../../../../arm-none-eabi/lib/thumb/v7e-m+fp/hard\libstdc++_nano.a
LOAD c:/st/stm32cubeide_1.9.0/stm32cubeide/plugins/com.st.stm32cube.ide.mcu.externaltools.gnu-tools-for-stm32.10.3-2021.10.win32_1.0.0.202111181127/tools/bin/../lib/gcc/arm-none-eabi/10.3.1/../../../../arm-none-eabi/lib/thumb/v7e-m+fp/hard\libm.a
LOAD c:/st/stm32cubeide_1.9.0/stm32cubeide/plugins/com.st.stm32cube.ide.mcu.externaltools.gnu-tools-for-stm32.10.3-2021.10.win32_1.0.0.202111181127/tools/bin/../lib/gcc/arm-none-eabi/10.3.1/../../../../arm-none-eabi/lib/thumb/v7e-m+fp/hard\libc_nano.a
START GROUP
LOAD c:/st/stm32cubeide_1.9.0/stm32cubeide/plugins/com.st.stm32cube.ide.mcu.externaltools.gnu-tools-for-stm32.10.3-2021.10.win32_1.0.0.202111181127/tools/bin/../lib/gcc/arm-none-eabi/10.3.1/thumb/v7e-m+fp/hard\libgcc.a
LOAD c:/st/stm32cubeide_1.9.0/stm32cubeide/plugins/com.st.stm32cube.ide.mcu.externaltools.gnu-tools-for-stm32.10.3-2021.10.win32_1.0.0.202111181127/tools/bin/../lib/gcc/arm-none-eabi/10.3.1/../../../../arm-none-eabi/lib/thumb/v7e-m+fp/hard\libc_nano.a
END GROUP
START GROUP
LOAD c:/st/stm32cubeide_1.9.0/stm32cubeide/plugins/com.st.stm32cube.ide.mcu.externaltools.gnu-tools-for-stm32.10.3-2021.10.win32_1.0.0.202111181127/tools/bin/../lib/gcc/arm-none-eabi/10.3.1/thumb/v7e-m+fp/hard\libgcc.a
LOAD c:/st/stm32cubeide_1.9.0/stm32cubeide/plugins/com.st.stm32cube.ide.mcu.externaltools.gnu-tools-for-stm32.10.3-2021.10.win32_1.0.0.202111181127/tools/bin/../lib/gcc/arm-none-eabi/10.3.1/../../../../arm-none-eabi/lib/thumb/v7e-m+fp/hard\libc_nano.a
LOAD c:/st/stm32cubeide_1.9.0/stm32cubeide/plugins/com.st.stm32cube.ide.mcu.externaltools.gnu-tools-for-stm32.10.3-2021.10.win32_1.0.0.202111181127/tools/bin/../lib/gcc/arm-none-eabi/10.3.1/../../../../arm-none-eabi/lib/thumb/v7e-m+fp/hard\libnosys.a
END GROUP
START GROUP
LOAD c:/st/stm32cubeide_1.9.0/stm32cubeide/plugins/com.st.stm32cube.ide.mcu.externaltools.gnu-tools-for-stm32.10.3-2021.10.win32_1.0.0.202111181127/tools/bin/../lib/gcc/arm-none-eabi/10.3.1/thumb/v7e-m+fp/hard\libgcc.a
LOAD c:/st/stm32cubeide_1.9.0/stm32cubeide/plugins/com.st.stm32cube.ide.mcu.externaltools.gnu-tools-for-stm32.10.3-2021.10.win32_1.0.0.202111181127/tools/bin/../lib/gcc/arm-none-eabi/10.3.1/../../../../arm-none-eabi/lib/thumb/v7e-m+fp/hard\libc_nano.a
LOAD c:/st/stm32cubeide_1.9.0/stm32cubeide/plugins/com.st.stm32cube.ide.mcu.externaltools.gnu-tools-for-stm32.10.3-2021.10.win32_1.0.0.202111181127/tools/bin/../lib/gcc/arm-none-eabi/10.3.1/../../../../arm-none-eabi/lib/thumb/v7e-m+fp/hard\libnosys.a
END GROUP
LOAD c:/st/stm32cubeide_1.9.0/stm32cubeide/plugins/com.st.stm32cube.ide.mcu.externaltools.gnu-tools-for-stm32.10.3-2021.10.win32_1.0.0.202111181127/tools/bin/../lib/gcc/arm-none-eabi/10.3.1/thumb/v7e-m+fp/hard/crtend.o
LOAD c:/st/stm32cubeide_1.9.0/stm32cubeide/plugins/com.st.stm32cube.ide.mcu.externaltools.gnu-tools-for-stm32.10.3-2021.10.win32_1.0.0.202111181127/tools/bin/../lib/gcc/arm-none-eabi/10.3.1/thumb/v7e-m+fp/hard/crtn.o
                0x0000000020020000                _estack = (ORIGIN (RAM) + LENGTH (RAM))
                0x0000000000000200                _Min_Heap_Size = 0x200
                0x0000000000000400                _Min_Stack_Size = 0x400

.isr_vector     0x0000000008000000      0x1d8
                0x0000000008000000                . = ALIGN (0x4)
 *(.isr_vector)
 .isr_vector    0x0000000008000000      0x1d8 ./Core/Startup/startup_stm32g474qetx.o
                0x0000000008000000                g_pfnVectors
                0x00000000080001d8                . = ALIGN (0x4)

.text           0x00000000080001e0     0xfd60
                0x00000000080001e0                . = ALIGN (0x4)
 *(.text)
 .text          0x00000000080001e0       0x40 c:/st/stm32cubeide_1.9.0/stm32cubeide/plugins/com.st.stm32cube.ide.mcu.externaltools.gnu-tools-for-stm32.10.3-2021.10.win32_1.0.0.202111181127/tools/bin/../lib/gcc/arm-none-eabi/10.3.1/thumb/v7e-m+fp/hard/crtbegin.o
 .text          0x0000000008000220       0x10 c:/st/stm32cubeide_1.9.0/stm32cubeide/plugins/com.st.stm32cube.ide.mcu.externaltools.gnu-tools-for-stm32.10.3-2021.10.win32_1.0.0.202111181127/tools/bin/../lib/gcc/arm-none-eabi/10.3.1/../../../../arm-none-eabi/lib/thumb/v7e-m+fp/hard\libc_nano.a(lib_a-strlen.o)
                0x0000000008000220                strlen
 .text          0x0000000008000230       0xa0 c:/st/stm32cubeide_1.9.0/stm32cubeide/plugins/com.st.stm32cube.ide.mcu.externaltools.gnu-tools-for-stm32.10.3-2021.10.win32_1.0.0.202111181127/tools/bin/../lib/gcc/arm-none-eabi/10.3.1/../../../../arm-none-eabi/lib/thumb/v7e-m+fp/hard\libc_nano.a(lib_a-memchr.o)
                0x0000000008000230                memchr
 .text          0x00000000080002d0      0x254 c:/st/stm32cubeide_1.9.0/stm32cubeide/plugins/com.st.stm32cube.ide.mcu.externaltools.gnu-tools-for-stm32.10.3-2021.10.win32_1.0.0.202111181127/tools/bin/../lib/gcc/arm-none-eabi/10.3.1/thumb/v7e-m+fp/hard\libgcc.a(_arm_muldf3.o)
                0x00000000080002d0                __muldf3
                0x00000000080002d0                __aeabi_dmul
 .text          0x0000000008000524      0x378 c:/st/stm32cubeide_1.9.0/stm32cubeide/plugins/com.st.stm32cube.ide.mcu.externaltools.gnu-tools-for-stm32.10.3-2021.10.win32_1.0.0.202111181127/tools/bin/../lib/gcc/arm-none-eabi/10.3.1/thumb/v7e-m+fp/hard\libgcc.a(_arm_addsubdf3.o)
                0x0000000008000524                __aeabi_drsub
                0x000000000800052c                __aeabi_dsub
                0x000000000800052c                __subdf3
                0x0000000008000530                __aeabi_dadd
                0x0000000008000530                __adddf3
                0x00000000080007a8                __floatunsidf
                0x00000000080007a8                __aeabi_ui2d
                0x00000000080007c8                __floatsidf
                0x00000000080007c8                __aeabi_i2d
                0x00000000080007ec                __aeabi_f2d
                0x00000000080007ec                __extendsfdf2
                0x0000000008000830                __floatundidf
                0x0000000008000830                __aeabi_ul2d
                0x0000000008000840                __floatdidf
                0x0000000008000840                __aeabi_l2d
 .text          0x000000000800089c      0x110 c:/st/stm32cubeide_1.9.0/stm32cubeide/plugins/com.st.stm32cube.ide.mcu.externaltools.gnu-tools-for-stm32.10.3-2021.10.win32_1.0.0.202111181127/tools/bin/../lib/gcc/arm-none-eabi/10.3.1/thumb/v7e-m+fp/hard\libgcc.a(_arm_cmpdf2.o)
                0x000000000800089c                __gtdf2
                0x000000000800089c                __gedf2
                0x00000000080008a4                __ltdf2
                0x00000000080008a4                __ledf2
                0x00000000080008ac                __nedf2
                0x00000000080008ac                __eqdf2
                0x00000000080008ac                __cmpdf2
                0x0000000008000928                __aeabi_cdrcmple
                0x0000000008000938                __aeabi_cdcmpeq
                0x0000000008000938                __aeabi_cdcmple
                0x0000000008000948                __aeabi_dcmpeq
                0x000000000800095c                __aeabi_dcmplt
                0x0000000008000970                __aeabi_dcmple
                0x0000000008000984                __aeabi_dcmpge
                0x0000000008000998                __aeabi_dcmpgt
 .text          0x00000000080009ac       0x50 c:/st/stm32cubeide_1.9.0/stm32cubeide/plugins/com.st.stm32cube.ide.mcu.externaltools.gnu-tools-for-stm32.10.3-2021.10.win32_1.0.0.202111181127/tools/bin/../lib/gcc/arm-none-eabi/10.3.1/thumb/v7e-m+fp/hard\libgcc.a(_arm_fixdfsi.o)
                0x00000000080009ac                __aeabi_d2iz
                0x00000000080009ac                __fixdfsi
 .text          0x00000000080009fc       0xa0 c:/st/stm32cubeide_1.9.0/stm32cubeide/plugins/com.st.stm32cube.ide.mcu.externaltools.gnu-tools-for-stm32.10.3-2021.10.win32_1.0.0.202111181127/tools/bin/../lib/gcc/arm-none-eabi/10.3.1/thumb/v7e-m+fp/hard\libgcc.a(_arm_truncdfsf2.o)
                0x00000000080009fc                __truncdfsf2
                0x00000000080009fc                __aeabi_d2f
 .text          0x0000000008000a9c       0x30 c:/st/stm32cubeide_1.9.0/stm32cubeide/plugins/com.st.stm32cube.ide.mcu.externaltools.gnu-tools-for-stm32.10.3-2021.10.win32_1.0.0.202111181127/tools/bin/../lib/gcc/arm-none-eabi/10.3.1/thumb/v7e-m+fp/hard\libgcc.a(_aeabi_uldivmod.o)
                0x0000000008000a9c                __aeabi_uldivmod
 .text          0x0000000008000acc      0x2d0 c:/st/stm32cubeide_1.9.0/stm32cubeide/plugins/com.st.stm32cube.ide.mcu.externaltools.gnu-tools-for-stm32.10.3-2021.10.win32_1.0.0.202111181127/tools/bin/../lib/gcc/arm-none-eabi/10.3.1/thumb/v7e-m+fp/hard\libgcc.a(_udivmoddi4.o)
                0x0000000008000acc                __udivmoddi4
 .text          0x0000000008000d9c        0x4 c:/st/stm32cubeide_1.9.0/stm32cubeide/plugins/com.st.stm32cube.ide.mcu.externaltools.gnu-tools-for-stm32.10.3-2021.10.win32_1.0.0.202111181127/tools/bin/../lib/gcc/arm-none-eabi/10.3.1/thumb/v7e-m+fp/hard\libgcc.a(_dvmd_tls.o)
                0x0000000008000d9c                __aeabi_idiv0
                0x0000000008000d9c                __aeabi_ldiv0
 *(.text*)
 .text.MX_ADC1_Init
                0x0000000008000da0       0xa0 ./Core/Src/adc.o
                0x0000000008000da0                MX_ADC1_Init
 .text.MX_ADC2_Init
                0x0000000008000e40       0x98 ./Core/Src/adc.o
                0x0000000008000e40                MX_ADC2_Init
 .text.MX_ADC3_Init
                0x0000000008000ed8       0xa0 ./Core/Src/adc.o
                0x0000000008000ed8                MX_ADC3_Init
 .text.MX_ADC4_Init
                0x0000000008000f78       0xc4 ./Core/Src/adc.o
                0x0000000008000f78                MX_ADC4_Init
 *fill*         0x000000000800103c        0x4 
 .text.HAL_ADC_MspInit
                0x0000000008001040      0x290 ./Core/Src/adc.o
                0x0000000008001040                HAL_ADC_MspInit
 .text.MX_CRC_Init
                0x00000000080012d0       0x2c ./Core/Src/crc.o
                0x00000000080012d0                MX_CRC_Init
 .text.HAL_CRC_MspInit
                0x00000000080012fc       0x2c ./Core/Src/crc.o
                0x00000000080012fc                HAL_CRC_MspInit
 .text.MX_DAC1_Init
                0x0000000008001328       0x58 ./Core/Src/dac.o
                0x0000000008001328                MX_DAC1_Init
 .text.MX_DAC2_Init
                0x0000000008001380       0x58 ./Core/Src/dac.o
                0x0000000008001380                MX_DAC2_Init
 .text.HAL_DAC_MspInit
                0x00000000080013d8       0xc4 ./Core/Src/dac.o
                0x00000000080013d8                HAL_DAC_MspInit
 .text.MX_DMA_Init
                0x000000000800149c       0x5c ./Core/Src/dma.o
                0x000000000800149c                MX_DMA_Init
 .text.MX_FDCAN2_Init
                0x00000000080014f8       0x48 ./Core/Src/fdcan.o
                0x00000000080014f8                MX_FDCAN2_Init
 .text.HAL_FDCAN_MspInit
                0x0000000008001540       0xa4 ./Core/Src/fdcan.o
                0x0000000008001540                HAL_FDCAN_MspInit
 *fill*         0x00000000080015e4        0x4 
 .text.MX_FMC_Init
                0x00000000080015e8       0x74 ./Core/Src/fmc.o
                0x00000000080015e8                MX_FMC_Init
 .text.HAL_SRAM_MspInit
                0x000000000800165c       0x8c ./Core/Src/fmc.o
                0x000000000800165c                HAL_SRAM_MspInit
 .text.MX_GPIO_Init
                0x00000000080016e8      0x4a0 ./Core/Src/gpio.o
                0x00000000080016e8                MX_GPIO_Init
 .text.MX_I2C1_Init
                0x0000000008001b88       0x70 ./Core/Src/i2c.o
                0x0000000008001b88                MX_I2C1_Init
 .text.MX_I2C2_Init
                0x0000000008001bf8       0x70 ./Core/Src/i2c.o
                0x0000000008001bf8                MX_I2C2_Init
 .text.HAL_I2C_MspInit
                0x0000000008001c68      0x120 ./Core/Src/i2c.o
                0x0000000008001c68                HAL_I2C_MspInit
 .text.SystemClock_Config
                0x0000000008001d88       0x90 ./Core/Src/main.o
                0x0000000008001d88                SystemClock_Config
 .text.startup.main
                0x0000000008001e18       0xc0 ./Core/Src/main.o
                0x0000000008001e18                main
 .text.Error_Handler
                0x0000000008001ed8        0x4 ./Core/Src/main.o
                0x0000000008001ed8                Error_Handler
 .text.MX_QUADSPI1_Init
                0x0000000008001edc       0x38 ./Core/Src/quadspi.o
                0x0000000008001edc                MX_QUADSPI1_Init
 .text.HAL_QSPI_MspInit
                0x0000000008001f14       0xe8 ./Core/Src/quadspi.o
                0x0000000008001f14                HAL_QSPI_MspInit
 .text.MX_SPI1_Init
                0x0000000008001ffc       0x4c ./Core/Src/spi.o
                0x0000000008001ffc                MX_SPI1_Init
 .text.HAL_SPI_MspInit
                0x0000000008002048       0x78 ./Core/Src/spi.o
                0x0000000008002048                HAL_SPI_MspInit
 .text.HAL_MspInit
                0x00000000080020c0       0x34 ./Core/Src/stm32g4xx_hal_msp.o
                0x00000000080020c0                HAL_MspInit
 .text.NMI_Handler
                0x00000000080020f4        0x4 ./Core/Src/stm32g4xx_it.o
                0x00000000080020f4                NMI_Handler
 .text.HardFault_Handler
                0x00000000080020f8        0x4 ./Core/Src/stm32g4xx_it.o
                0x00000000080020f8                HardFault_Handler
 .text.MemManage_Handler
                0x00000000080020fc        0x4 ./Core/Src/stm32g4xx_it.o
                0x00000000080020fc                MemManage_Handler
 .text.BusFault_Handler
                0x0000000008002100        0x4 ./Core/Src/stm32g4xx_it.o
                0x0000000008002100                BusFault_Handler
 .text.UsageFault_Handler
                0x0000000008002104        0x4 ./Core/Src/stm32g4xx_it.o
                0x0000000008002104                UsageFault_Handler
 .text.SVC_Handler
                0x0000000008002108        0x4 ./Core/Src/stm32g4xx_it.o
                0x0000000008002108                SVC_Handler
 .text.DebugMon_Handler
                0x000000000800210c        0x4 ./Core/Src/stm32g4xx_it.o
                0x000000000800210c                DebugMon_Handler
 .text.PendSV_Handler
                0x0000000008002110        0x4 ./Core/Src/stm32g4xx_it.o
                0x0000000008002110                PendSV_Handler
 .text.SysTick_Handler
                0x0000000008002114        0x4 ./Core/Src/stm32g4xx_it.o
                0x0000000008002114                SysTick_Handler
 .text.DMA1_Channel1_IRQHandler
                0x0000000008002118        0x4 ./Core/Src/stm32g4xx_it.o
                0x0000000008002118                DMA1_Channel1_IRQHandler
 .text.DMA1_Channel2_IRQHandler
                0x000000000800211c        0x4 ./Core/Src/stm32g4xx_it.o
                0x000000000800211c                DMA1_Channel2_IRQHandler
 .text.USB_LP_IRQHandler
                0x0000000008002120        0xc ./Core/Src/stm32g4xx_it.o
                0x0000000008002120                USB_LP_IRQHandler
 .text.EXTI9_5_IRQHandler
                0x000000000800212c       0x14 ./Core/Src/stm32g4xx_it.o
                0x000000000800212c                EXTI9_5_IRQHandler
 .text.EXTI15_10_IRQHandler
                0x0000000008002140       0x14 ./Core/Src/stm32g4xx_it.o
                0x0000000008002140                EXTI15_10_IRQHandler
 .text.TIM6_DAC_IRQHandler
                0x0000000008002154        0xc ./Core/Src/stm32g4xx_it.o
                0x0000000008002154                TIM6_DAC_IRQHandler
 .text._getpid  0x0000000008002160        0x4 ./Core/Src/syscalls.o
                0x0000000008002160                _getpid
 .text._kill    0x0000000008002164       0x10 ./Core/Src/syscalls.o
                0x0000000008002164                _kill
 .text._exit    0x0000000008002174        0xc ./Core/Src/syscalls.o
                0x0000000008002174                _exit
 .text._read    0x0000000008002180       0x1c ./Core/Src/syscalls.o
                0x0000000008002180                _read
 .text._write   0x000000000800219c       0x1c ./Core/Src/syscalls.o
                0x000000000800219c                _write
 .text._close   0x00000000080021b8        0x8 ./Core/Src/syscalls.o
                0x00000000080021b8                _close
 .text._fstat   0x00000000080021c0        0xc ./Core/Src/syscalls.o
                0x00000000080021c0                _fstat
 .text._isatty  0x00000000080021cc        0x4 ./Core/Src/syscalls.o
                0x00000000080021cc                _isatty
 .text._lseek   0x00000000080021d0        0x4 ./Core/Src/syscalls.o
                0x00000000080021d0                _lseek
 .text._sbrk    0x00000000080021d4       0x44 ./Core/Src/sysmem.o
                0x00000000080021d4                _sbrk
 .text.SystemInit
                0x0000000008002218       0x14 ./Core/Src/system_stm32g4xx.o
                0x0000000008002218                SystemInit
 .text.MX_TIM6_Init
                0x000000000800222c       0xa8 ./Core/Src/tim.o
                0x000000000800222c                MX_TIM6_Init
 .text.HAL_TIM_Base_MspInit
                0x00000000080022d4       0x94 ./Core/Src/tim.o
                0x00000000080022d4                HAL_TIM_Base_MspInit
 .text.HAL_TIM_MspPostInit
                0x0000000008002368      0x128 ./Core/Src/tim.o
                0x0000000008002368                HAL_TIM_MspPostInit
 .text.MX_TIM5_Init
                0x0000000008002490      0x100 ./Core/Src/tim.o
                0x0000000008002490                MX_TIM5_Init
 .text.MX_TIM8_Init
                0x0000000008002590      0x170 ./Core/Src/tim.o
                0x0000000008002590                MX_TIM8_Init
 .text.MX_TIM15_Init
                0x0000000008002700      0x108 ./Core/Src/tim.o
                0x0000000008002700                MX_TIM15_Init
 .text.MX_TIM20_Init
                0x0000000008002808      0x170 ./Core/Src/tim.o
                0x0000000008002808                MX_TIM20_Init
 .text.MX_UART4_Init
                0x0000000008002978       0x88 ./Core/Src/usart.o
                0x0000000008002978                MX_UART4_Init
 .text.MX_UART5_Init
                0x0000000008002a00       0x88 ./Core/Src/usart.o
                0x0000000008002a00                MX_UART5_Init
 .text.MX_USART1_UART_Init
                0x0000000008002a88      0x1d4 ./Core/Src/usart.o
                0x0000000008002a88                MX_USART1_UART_Init
 .text.MX_USART2_UART_Init
                0x0000000008002c5c       0x88 ./Core/Src/usart.o
                0x0000000008002c5c                MX_USART2_UART_Init
 .text.MX_USART3_UART_Init
                0x0000000008002ce4       0x88 ./Core/Src/usart.o
                0x0000000008002ce4                MX_USART3_UART_Init
 .text.HAL_UART_MspInit
                0x0000000008002d6c      0x1f0 ./Core/Src/usart.o
                0x0000000008002d6c                HAL_UART_MspInit
 .text.Reset_Handler
                0x0000000008002f5c       0x50 ./Core/Startup/startup_stm32g474qetx.o
                0x0000000008002f5c                Reset_Handler
 .text.Default_Handler
                0x0000000008002fac        0x2 ./Core/Startup/startup_stm32g474qetx.o
                0x0000000008002fac                RTC_Alarm_IRQHandler
                0x0000000008002fac                EXTI2_IRQHandler
                0x0000000008002fac                TIM8_TRG_COM_IRQHandler
                0x0000000008002fac                TIM8_CC_IRQHandler
                0x0000000008002fac                HRTIM1_Master_IRQHandler
                0x0000000008002fac                SPI4_IRQHandler
                0x0000000008002fac                FDCAN3_IT0_IRQHandler
                0x0000000008002fac                TIM1_CC_IRQHandler
                0x0000000008002fac                HRTIM1_FLT_IRQHandler
                0x0000000008002fac                HRTIM1_TIMF_IRQHandler
                0x0000000008002fac                USB_HP_IRQHandler
                0x0000000008002fac                CORDIC_IRQHandler
                0x0000000008002fac                HRTIM1_TIMD_IRQHandler
                0x0000000008002fac                DMA2_Channel8_IRQHandler
                0x0000000008002fac                EXTI3_IRQHandler
                0x0000000008002fac                I2C3_ER_IRQHandler
                0x0000000008002fac                EXTI0_IRQHandler
                0x0000000008002fac                I2C2_EV_IRQHandler
                0x0000000008002fac                FPU_IRQHandler
                0x0000000008002fac                FDCAN1_IT1_IRQHandler
                0x0000000008002fac                TIM1_UP_TIM16_IRQHandler
                0x0000000008002fac                ADC1_2_IRQHandler
                0x0000000008002fac                HRTIM1_TIME_IRQHandler
                0x0000000008002fac                SPI1_IRQHandler
                0x0000000008002fac                HRTIM1_TIMC_IRQHandler
                0x0000000008002fac                TIM8_UP_IRQHandler
                0x0000000008002fac                DMA2_Channel2_IRQHandler
                0x0000000008002fac                DMA1_Channel4_IRQHandler
                0x0000000008002fac                TIM20_TRG_COM_IRQHandler
                0x0000000008002fac                USART3_IRQHandler
                0x0000000008002fac                DMA1_Channel7_IRQHandler
                0x0000000008002fac                UART5_IRQHandler
                0x0000000008002fac                ADC3_IRQHandler
                0x0000000008002fac                TIM4_IRQHandler
                0x0000000008002fac                DMA2_Channel1_IRQHandler
                0x0000000008002fac                QUADSPI_IRQHandler
                0x0000000008002fac                I2C1_EV_IRQHandler
                0x0000000008002fac                DMA1_Channel6_IRQHandler
                0x0000000008002fac                UART4_IRQHandler
                0x0000000008002fac                DMA2_Channel4_IRQHandler
                0x0000000008002fac                TIM3_IRQHandler
                0x0000000008002fac                RCC_IRQHandler
                0x0000000008002fac                TIM20_UP_IRQHandler
                0x0000000008002fac                Default_Handler
                0x0000000008002fac                DMA2_Channel7_IRQHandler
                0x0000000008002fac                RTC_TAMP_LSECSS_IRQHandler
                0x0000000008002fac                FMAC_IRQHandler
                0x0000000008002fac                DMA1_Channel8_IRQHandler
                0x0000000008002fac                HRTIM1_TIMA_IRQHandler
                0x0000000008002fac                TIM7_DAC_IRQHandler
                0x0000000008002fac                FDCAN3_IT1_IRQHandler
                0x0000000008002fac                TIM5_IRQHandler
                0x0000000008002fac                UCPD1_IRQHandler
                0x0000000008002fac                I2C3_EV_IRQHandler
                0x0000000008002fac                RTC_WKUP_IRQHandler
                0x0000000008002fac                PVD_PVM_IRQHandler
                0x0000000008002fac                SPI2_IRQHandler
                0x0000000008002fac                ADC5_IRQHandler
                0x0000000008002fac                DMA2_Channel5_IRQHandler
                0x0000000008002fac                CRS_IRQHandler
                0x0000000008002fac                DMA1_Channel5_IRQHandler
                0x0000000008002fac                EXTI4_IRQHandler
                0x0000000008002fac                RNG_IRQHandler
                0x0000000008002fac                HRTIM1_TIMB_IRQHandler
                0x0000000008002fac                TIM1_TRG_COM_TIM17_IRQHandler
                0x0000000008002fac                FDCAN2_IT1_IRQHandler
                0x0000000008002fac                DMA1_Channel3_IRQHandler
                0x0000000008002fac                ADC4_IRQHandler
                0x0000000008002fac                WWDG_IRQHandler
                0x0000000008002fac                I2C4_EV_IRQHandler
                0x0000000008002fac                FDCAN2_IT0_IRQHandler
                0x0000000008002fac                LPUART1_IRQHandler
                0x0000000008002fac                DMA2_Channel6_IRQHandler
                0x0000000008002fac                FDCAN1_IT0_IRQHandler
                0x0000000008002fac                TIM2_IRQHandler
                0x0000000008002fac                COMP7_IRQHandler
                0x0000000008002fac                COMP1_2_3_IRQHandler
                0x0000000008002fac                EXTI1_IRQHandler
                0x0000000008002fac                USART2_IRQHandler
                0x0000000008002fac                COMP4_5_6_IRQHandler
                0x0000000008002fac                TIM20_BRK_IRQHandler
                0x0000000008002fac                I2C2_ER_IRQHandler
                0x0000000008002fac                TIM8_BRK_IRQHandler
                0x0000000008002fac                FLASH_IRQHandler
                0x0000000008002fac                TIM20_CC_IRQHandler
                0x0000000008002fac                USART1_IRQHandler
                0x0000000008002fac                SPI3_IRQHandler
                0x0000000008002fac                I2C1_ER_IRQHandler
                0x0000000008002fac                FMC_IRQHandler
                0x0000000008002fac                LPTIM1_IRQHandler
                0x0000000008002fac                DMAMUX_OVR_IRQHandler
                0x0000000008002fac                I2C4_ER_IRQHandler
                0x0000000008002fac                USBWakeUp_IRQHandler
                0x0000000008002fac                SAI1_IRQHandler
                0x0000000008002fac                DMA2_Channel3_IRQHandler
                0x0000000008002fac                TIM1_BRK_TIM15_IRQHandler
 *fill*         0x0000000008002fae        0x2 
 .text.HAL_InitTick
                0x0000000008002fb0       0x4c ./Drivers/STM32G4xx_HAL_Driver/Src/stm32g4xx_hal.o
                0x0000000008002fb0                HAL_InitTick
 .text.HAL_Init
                0x0000000008002ffc       0x20 ./Drivers/STM32G4xx_HAL_Driver/Src/stm32g4xx_hal.o
                0x0000000008002ffc                HAL_Init
 .text.HAL_IncTick
                0x000000000800301c       0x18 ./Drivers/STM32G4xx_HAL_Driver/Src/stm32g4xx_hal.o
                0x000000000800301c                HAL_IncTick
 .text.HAL_GetTick
                0x0000000008003034        0xc ./Drivers/STM32G4xx_HAL_Driver/Src/stm32g4xx_hal.o
                0x0000000008003034                HAL_GetTick
 .text.HAL_Delay
                0x0000000008003040       0x24 ./Drivers/STM32G4xx_HAL_Driver/Src/stm32g4xx_hal.o
                0x0000000008003040                HAL_Delay
 .text.HAL_ADC_Init
                0x0000000008003064      0x24c ./Drivers/STM32G4xx_HAL_Driver/Src/stm32g4xx_hal_adc.o
                0x0000000008003064                HAL_ADC_Init
 .text.HAL_ADC_PollForConversion
                0x00000000080032b0      0x144 ./Drivers/STM32G4xx_HAL_Driver/Src/stm32g4xx_hal_adc.o
                0x00000000080032b0                HAL_ADC_PollForConversion
 .text.HAL_ADC_GetValue
                0x00000000080033f4        0x8 ./Drivers/STM32G4xx_HAL_Driver/Src/stm32g4xx_hal_adc.o
                0x00000000080033f4                HAL_ADC_GetValue
 .text.HAL_ADC_ConfigChannel
                0x00000000080033fc      0x530 ./Drivers/STM32G4xx_HAL_Driver/Src/stm32g4xx_hal_adc.o
                0x00000000080033fc                HAL_ADC_ConfigChannel
 .text.ADC_ConversionStop
                0x000000000800392c      0x108 ./Drivers/STM32G4xx_HAL_Driver/Src/stm32g4xx_hal_adc.o
                0x000000000800392c                ADC_ConversionStop
 .text.ADC_Enable
                0x0000000008003a34       0x78 ./Drivers/STM32G4xx_HAL_Driver/Src/stm32g4xx_hal_adc.o
                0x0000000008003a34                ADC_Enable
 .text.HAL_ADC_Start
                0x0000000008003aac      0x108 ./Drivers/STM32G4xx_HAL_Driver/Src/stm32g4xx_hal_adc.o
                0x0000000008003aac                HAL_ADC_Start
 .text.ADC_Disable
                0x0000000008003bb4       0x74 ./Drivers/STM32G4xx_HAL_Driver/Src/stm32g4xx_hal_adc.o
                0x0000000008003bb4                ADC_Disable
 .text.HAL_ADC_Stop
                0x0000000008003c28       0x48 ./Drivers/STM32G4xx_HAL_Driver/Src/stm32g4xx_hal_adc.o
                0x0000000008003c28                HAL_ADC_Stop
 .text.HAL_ADCEx_MultiModeConfigChannel
                0x0000000008003c70      0x164 ./Drivers/STM32G4xx_HAL_Driver/Src/stm32g4xx_hal_adc_ex.o
                0x0000000008003c70                HAL_ADCEx_MultiModeConfigChannel
 .text.HAL_NVIC_SetPriorityGrouping
                0x0000000008003dd4       0x24 ./Drivers/STM32G4xx_HAL_Driver/Src/stm32g4xx_hal_cortex.o
                0x0000000008003dd4                HAL_NVIC_SetPriorityGrouping
 .text.HAL_NVIC_SetPriority
                0x0000000008003df8       0x7c ./Drivers/STM32G4xx_HAL_Driver/Src/stm32g4xx_hal_cortex.o
                0x0000000008003df8                HAL_NVIC_SetPriority
 .text.HAL_NVIC_EnableIRQ
                0x0000000008003e74       0x1c ./Drivers/STM32G4xx_HAL_Driver/Src/stm32g4xx_hal_cortex.o
                0x0000000008003e74                HAL_NVIC_EnableIRQ
 .text.HAL_SYSTICK_Config
                0x0000000008003e90       0x34 ./Drivers/STM32G4xx_HAL_Driver/Src/stm32g4xx_hal_cortex.o
                0x0000000008003e90                HAL_SYSTICK_Config
 .text.HAL_CRC_Init
                0x0000000008003ec4       0x7c ./Drivers/STM32G4xx_HAL_Driver/Src/stm32g4xx_hal_crc.o
                0x0000000008003ec4                HAL_CRC_Init
 .text.HAL_CRCEx_Polynomial_Set
                0x0000000008003f40       0x68 ./Drivers/STM32G4xx_HAL_Driver/Src/stm32g4xx_hal_crc_ex.o
                0x0000000008003f40                HAL_CRCEx_Polynomial_Set
 .text.HAL_DAC_Init
                0x0000000008003fa8       0x2c ./Drivers/STM32G4xx_HAL_Driver/Src/stm32g4xx_hal_dac.o
                0x0000000008003fa8                HAL_DAC_Init
 .text.HAL_DAC_DMAUnderrunCallbackCh1
                0x0000000008003fd4        0x4 ./Drivers/STM32G4xx_HAL_Driver/Src/stm32g4xx_hal_dac.o
                0x0000000008003fd4                HAL_DAC_DMAUnderrunCallbackCh1
 .text.HAL_DAC_IRQHandler
                0x0000000008003fd8       0x68 ./Drivers/STM32G4xx_HAL_Driver/Src/stm32g4xx_hal_dac.o
                0x0000000008003fd8                HAL_DAC_IRQHandler
 .text.HAL_DAC_ConfigChannel
                0x0000000008004040      0x1c8 ./Drivers/STM32G4xx_HAL_Driver/Src/stm32g4xx_hal_dac.o
                0x0000000008004040                HAL_DAC_ConfigChannel
 .text.HAL_DACEx_DMAUnderrunCallbackCh2
                0x0000000008004208        0x4 ./Drivers/STM32G4xx_HAL_Driver/Src/stm32g4xx_hal_dac_ex.o
                0x0000000008004208                HAL_DACEx_DMAUnderrunCallbackCh2
 .text.HAL_FDCAN_Init
                0x000000000800420c      0x2f4 ./Drivers/STM32G4xx_HAL_Driver/Src/stm32g4xx_hal_fdcan.o
                0x000000000800420c                HAL_FDCAN_Init
 .text.HAL_GPIO_Init
                0x0000000008004500      0x1f0 ./Drivers/STM32G4xx_HAL_Driver/Src/stm32g4xx_hal_gpio.o
                0x0000000008004500                HAL_GPIO_Init
 .text.HAL_I2C_Init
                0x00000000080046f0       0xa8 ./Drivers/STM32G4xx_HAL_Driver/Src/stm32g4xx_hal_i2c.o
                0x00000000080046f0                HAL_I2C_Init
 .text.HAL_I2CEx_ConfigAnalogFilter
                0x0000000008004798       0x54 ./Drivers/STM32G4xx_HAL_Driver/Src/stm32g4xx_hal_i2c_ex.o
                0x0000000008004798                HAL_I2CEx_ConfigAnalogFilter
 .text.HAL_I2CEx_ConfigDigitalFilter
                0x00000000080047ec       0x58 ./Drivers/STM32G4xx_HAL_Driver/Src/stm32g4xx_hal_i2c_ex.o
                0x00000000080047ec                HAL_I2CEx_ConfigDigitalFilter
 .text.HAL_PCD_Init
                0x0000000008004844       0xd4 ./Drivers/STM32G4xx_HAL_Driver/Src/stm32g4xx_hal_pcd.o
                0x0000000008004844                HAL_PCD_Init
 .text.HAL_PCD_Start
                0x0000000008004918       0x2c ./Drivers/STM32G4xx_HAL_Driver/Src/stm32g4xx_hal_pcd.o
                0x0000000008004918                HAL_PCD_Start
 .text.HAL_PCD_IRQHandler
                0x0000000008004944      0xb34 ./Drivers/STM32G4xx_HAL_Driver/Src/stm32g4xx_hal_pcd.o
                0x0000000008004944                HAL_PCD_IRQHandler
 .text.HAL_PCD_SetAddress
                0x0000000008005478       0x28 ./Drivers/STM32G4xx_HAL_Driver/Src/stm32g4xx_hal_pcd.o
                0x0000000008005478                HAL_PCD_SetAddress
 .text.HAL_PCD_EP_Open
                0x00000000080054a0       0x78 ./Drivers/STM32G4xx_HAL_Driver/Src/stm32g4xx_hal_pcd.o
                0x00000000080054a0                HAL_PCD_EP_Open
 .text.HAL_PCD_EP_Close
                0x0000000008005518       0x60 ./Drivers/STM32G4xx_HAL_Driver/Src/stm32g4xx_hal_pcd.o
                0x0000000008005518                HAL_PCD_EP_Close
 .text.HAL_PCD_EP_Receive
                0x0000000008005578       0x34 ./Drivers/STM32G4xx_HAL_Driver/Src/stm32g4xx_hal_pcd.o
                0x0000000008005578                HAL_PCD_EP_Receive
 .text.HAL_PCD_EP_GetRxCount
                0x00000000080055ac       0x14 ./Drivers/STM32G4xx_HAL_Driver/Src/stm32g4xx_hal_pcd.o
                0x00000000080055ac                HAL_PCD_EP_GetRxCount
 .text.HAL_PCD_EP_Transmit
                0x00000000080055c0       0x48 ./Drivers/STM32G4xx_HAL_Driver/Src/stm32g4xx_hal_pcd.o
                0x00000000080055c0                HAL_PCD_EP_Transmit
 .text.HAL_PCD_EP_SetStall
                0x0000000008005608       0x70 ./Drivers/STM32G4xx_HAL_Driver/Src/stm32g4xx_hal_pcd.o
                0x0000000008005608                HAL_PCD_EP_SetStall
 .text.HAL_PCD_EP_ClrStall
                0x0000000008005678       0x78 ./Drivers/STM32G4xx_HAL_Driver/Src/stm32g4xx_hal_pcd.o
                0x0000000008005678                HAL_PCD_EP_ClrStall
 .text.HAL_PCDEx_PMAConfig
                0x00000000080056f0       0x38 ./Drivers/STM32G4xx_HAL_Driver/Src/stm32g4xx_hal_pcd_ex.o
                0x00000000080056f0                HAL_PCDEx_PMAConfig
 .text.HAL_PCDEx_ActivateLPM
                0x0000000008005728       0x34 ./Drivers/STM32G4xx_HAL_Driver/Src/stm32g4xx_hal_pcd_ex.o
                0x0000000008005728                HAL_PCDEx_ActivateLPM
 .text.HAL_PWREx_ControlVoltageScaling
                0x000000000800575c       0xfc ./Drivers/STM32G4xx_HAL_Driver/Src/stm32g4xx_hal_pwr_ex.o
                0x000000000800575c                HAL_PWREx_ControlVoltageScaling
 .text.HAL_PWREx_DisableUCPDDeadBattery
                0x0000000008005858       0x10 ./Drivers/STM32G4xx_HAL_Driver/Src/stm32g4xx_hal_pwr_ex.o
                0x0000000008005858                HAL_PWREx_DisableUCPDDeadBattery
 .text.HAL_QSPI_Init
                0x0000000008005868       0xc4 ./Drivers/STM32G4xx_HAL_Driver/Src/stm32g4xx_hal_qspi.o
                0x0000000008005868                HAL_QSPI_Init
 .text.HAL_RCC_OscConfig
                0x000000000800592c      0x498 ./Drivers/STM32G4xx_HAL_Driver/Src/stm32g4xx_hal_rcc.o
                0x000000000800592c                HAL_RCC_OscConfig
 .text.HAL_RCC_GetSysClockFreq
                0x0000000008005dc4       0x70 ./Drivers/STM32G4xx_HAL_Driver/Src/stm32g4xx_hal_rcc.o
                0x0000000008005dc4                HAL_RCC_GetSysClockFreq
 .text.HAL_RCC_ClockConfig
                0x0000000008005e34      0x224 ./Drivers/STM32G4xx_HAL_Driver/Src/stm32g4xx_hal_rcc.o
                0x0000000008005e34                HAL_RCC_ClockConfig
 .text.HAL_RCC_GetHCLKFreq
                0x0000000008006058        0xc ./Drivers/STM32G4xx_HAL_Driver/Src/stm32g4xx_hal_rcc.o
                0x0000000008006058                HAL_RCC_GetHCLKFreq
 .text.HAL_RCC_GetPCLK1Freq
                0x0000000008006064       0x24 ./Drivers/STM32G4xx_HAL_Driver/Src/stm32g4xx_hal_rcc.o
                0x0000000008006064                HAL_RCC_GetPCLK1Freq
 .text.HAL_RCC_GetPCLK2Freq
                0x0000000008006088       0x24 ./Drivers/STM32G4xx_HAL_Driver/Src/stm32g4xx_hal_rcc.o
                0x0000000008006088                HAL_RCC_GetPCLK2Freq
 .text.HAL_RCCEx_PeriphCLKConfig
                0x00000000080060ac      0x310 ./Drivers/STM32G4xx_HAL_Driver/Src/stm32g4xx_hal_rcc_ex.o
                0x00000000080060ac                HAL_RCCEx_PeriphCLKConfig
 .text.SPI_WaitFifoStateUntilTimeout.constprop.0
                0x00000000080063bc       0xec ./Drivers/STM32G4xx_HAL_Driver/Src/stm32g4xx_hal_spi.o
 .text.SPI_EndRxTxTransaction
                0x00000000080064a8      0x140 ./Drivers/STM32G4xx_HAL_Driver/Src/stm32g4xx_hal_spi.o
 .text.HAL_SPI_Init
                0x00000000080065e8       0xfc ./Drivers/STM32G4xx_HAL_Driver/Src/stm32g4xx_hal_spi.o
                0x00000000080065e8                HAL_SPI_Init
 .text.HAL_SPI_Transmit
                0x00000000080066e4      0x2c4 ./Drivers/STM32G4xx_HAL_Driver/Src/stm32g4xx_hal_spi.o
                0x00000000080066e4                HAL_SPI_Transmit
 .text.HAL_SPI_TransmitReceive
                0x00000000080069a8      0x318 ./Drivers/STM32G4xx_HAL_Driver/Src/stm32g4xx_hal_spi.o
                0x00000000080069a8                HAL_SPI_TransmitReceive
 .text.HAL_SRAM_Init
                0x0000000008006cc0       0x5c ./Drivers/STM32G4xx_HAL_Driver/Src/stm32g4xx_hal_sram.o
                0x0000000008006cc0                HAL_SRAM_Init
 .text.TIM_OC1_SetConfig
                0x0000000008006d1c       0x80 ./Drivers/STM32G4xx_HAL_Driver/Src/stm32g4xx_hal_tim.o
 .text.TIM_OC3_SetConfig
                0x0000000008006d9c       0xa0 ./Drivers/STM32G4xx_HAL_Driver/Src/stm32g4xx_hal_tim.o
 .text.TIM_OC4_SetConfig
                0x0000000008006e3c       0xa4 ./Drivers/STM32G4xx_HAL_Driver/Src/stm32g4xx_hal_tim.o
 .text.HAL_TIM_Base_Init
                0x0000000008006ee0      0x134 ./Drivers/STM32G4xx_HAL_Driver/Src/stm32g4xx_hal_tim.o
                0x0000000008006ee0                HAL_TIM_Base_Init
 .text.HAL_TIM_PWM_MspInit
                0x0000000008007014        0x4 ./Drivers/STM32G4xx_HAL_Driver/Src/stm32g4xx_hal_tim.o
                0x0000000008007014                HAL_TIM_PWM_MspInit
 .text.HAL_TIM_PWM_Init
                0x0000000008007018      0x134 ./Drivers/STM32G4xx_HAL_Driver/Src/stm32g4xx_hal_tim.o
                0x0000000008007018                HAL_TIM_PWM_Init
 .text.HAL_TIM_ConfigClockSource
                0x000000000800714c      0x1c8 ./Drivers/STM32G4xx_HAL_Driver/Src/stm32g4xx_hal_tim.o
                0x000000000800714c                HAL_TIM_ConfigClockSource
 .text.TIM_OC2_SetConfig
                0x0000000008007314       0xa4 ./Drivers/STM32G4xx_HAL_Driver/Src/stm32g4xx_hal_tim.o
                0x0000000008007314                TIM_OC2_SetConfig
 .text.HAL_TIM_PWM_ConfigChannel
                0x00000000080073b8      0x20c ./Drivers/STM32G4xx_HAL_Driver/Src/stm32g4xx_hal_tim.o
                0x00000000080073b8                HAL_TIM_PWM_ConfigChannel
 .text.HAL_TIMEx_MasterConfigSynchronization
                0x00000000080075c4       0xb8 ./Drivers/STM32G4xx_HAL_Driver/Src/stm32g4xx_hal_tim_ex.o
                0x00000000080075c4                HAL_TIMEx_MasterConfigSynchronization
 .text.HAL_TIMEx_ConfigBreakDeadTime
                0x000000000800767c       0xa4 ./Drivers/STM32G4xx_HAL_Driver/Src/stm32g4xx_hal_tim_ex.o
                0x000000000800767c                HAL_TIMEx_ConfigBreakDeadTime
 .text.UART_SetConfig
                0x0000000008007720      0x318 ./Drivers/STM32G4xx_HAL_Driver/Src/stm32g4xx_hal_uart.o
                0x0000000008007720                UART_SetConfig
 .text.UART_AdvFeatureConfig
                0x0000000008007a38       0xb0 ./Drivers/STM32G4xx_HAL_Driver/Src/stm32g4xx_hal_uart.o
                0x0000000008007a38                UART_AdvFeatureConfig
 .text.UART_WaitOnFlagUntilTimeout
                0x0000000008007ae8       0xf0 ./Drivers/STM32G4xx_HAL_Driver/Src/stm32g4xx_hal_uart.o
                0x0000000008007ae8                UART_WaitOnFlagUntilTimeout
 .text.HAL_UART_Init
                0x0000000008007bd8       0xd8 ./Drivers/STM32G4xx_HAL_Driver/Src/stm32g4xx_hal_uart.o
                0x0000000008007bd8                HAL_UART_Init
 .text.HAL_UARTEx_DisableFifoMode
                0x0000000008007cb0       0x3c ./Drivers/STM32G4xx_HAL_Driver/Src/stm32g4xx_hal_uart_ex.o
                0x0000000008007cb0                HAL_UARTEx_DisableFifoMode
 .text.HAL_UARTEx_SetTxFifoThreshold
                0x0000000008007cec       0x84 ./Drivers/STM32G4xx_HAL_Driver/Src/stm32g4xx_hal_uart_ex.o
                0x0000000008007cec                HAL_UARTEx_SetTxFifoThreshold
 .text.HAL_UARTEx_SetRxFifoThreshold
                0x0000000008007d70       0x84 ./Drivers/STM32G4xx_HAL_Driver/Src/stm32g4xx_hal_uart_ex.o
                0x0000000008007d70                HAL_UARTEx_SetRxFifoThreshold
 .text.LL_EXTI_Init
                0x0000000008007df4      0x174 ./Drivers/STM32G4xx_HAL_Driver/Src/stm32g4xx_ll_exti.o
                0x0000000008007df4                LL_EXTI_Init
 .text.FMC_NORSRAM_Init
                0x0000000008007f68      0x104 ./Drivers/STM32G4xx_HAL_Driver/Src/stm32g4xx_ll_fmc.o
                0x0000000008007f68                FMC_NORSRAM_Init
 .text.FMC_NORSRAM_Timing_Init
                0x000000000800806c       0x60 ./Drivers/STM32G4xx_HAL_Driver/Src/stm32g4xx_ll_fmc.o
                0x000000000800806c                FMC_NORSRAM_Timing_Init
 .text.FMC_NORSRAM_Extended_Timing_Init
                0x00000000080080cc       0x48 ./Drivers/STM32G4xx_HAL_Driver/Src/stm32g4xx_ll_fmc.o
                0x00000000080080cc                FMC_NORSRAM_Extended_Timing_Init
 .text.LL_GPIO_Init
                0x0000000008008114      0x1c0 ./Drivers/STM32G4xx_HAL_Driver/Src/stm32g4xx_ll_gpio.o
                0x0000000008008114                LL_GPIO_Init
 .text.LL_RCC_GetUSARTClockFreq
                0x00000000080082d4      0x22c ./Drivers/STM32G4xx_HAL_Driver/Src/stm32g4xx_ll_rcc.o
                0x00000000080082d4                LL_RCC_GetUSARTClockFreq
 .text.LL_RCC_GetUARTClockFreq
                0x0000000008008500      0x194 ./Drivers/STM32G4xx_HAL_Driver/Src/stm32g4xx_ll_rcc.o
                0x0000000008008500                LL_RCC_GetUARTClockFreq
 .text.LL_TIM_Init
                0x0000000008008694       0xcc ./Drivers/STM32G4xx_HAL_Driver/Src/stm32g4xx_ll_tim.o
                0x0000000008008694                LL_TIM_Init
 .text.LL_USART_Init
                0x0000000008008760      0x10c ./Drivers/STM32G4xx_HAL_Driver/Src/stm32g4xx_ll_usart.o
                0x0000000008008760                LL_USART_Init
 .text.USB_EnableGlobalInt
                0x000000000800886c       0x14 ./Drivers/STM32G4xx_HAL_Driver/Src/stm32g4xx_ll_usb.o
                0x000000000800886c                USB_EnableGlobalInt
 .text.USB_DisableGlobalInt
                0x0000000008008880       0x14 ./Drivers/STM32G4xx_HAL_Driver/Src/stm32g4xx_ll_usb.o
                0x0000000008008880                USB_DisableGlobalInt
 .text.USB_DevInit
                0x0000000008008894       0x24 ./Drivers/STM32G4xx_HAL_Driver/Src/stm32g4xx_ll_usb.o
                0x0000000008008894                USB_DevInit
 .text.USB_ActivateEndpoint
                0x00000000080088b8      0x36c ./Drivers/STM32G4xx_HAL_Driver/Src/stm32g4xx_ll_usb.o
                0x00000000080088b8                USB_ActivateEndpoint
 .text.USB_DeactivateEndpoint
                0x0000000008008c24      0x1c0 ./Drivers/STM32G4xx_HAL_Driver/Src/stm32g4xx_ll_usb.o
                0x0000000008008c24                USB_DeactivateEndpoint
 .text.USB_EPStartXfer
                0x0000000008008de4      0x56c ./Drivers/STM32G4xx_HAL_Driver/Src/stm32g4xx_ll_usb.o
                0x0000000008008de4                USB_EPStartXfer
 .text.USB_EPSetStall
                0x0000000008009350       0x50 ./Drivers/STM32G4xx_HAL_Driver/Src/stm32g4xx_ll_usb.o
                0x0000000008009350                USB_EPSetStall
 .text.USB_EPClearStall
                0x00000000080093a0       0xa0 ./Drivers/STM32G4xx_HAL_Driver/Src/stm32g4xx_ll_usb.o
                0x00000000080093a0                USB_EPClearStall
 .text.USB_SetDevAddress
                0x0000000008009440        0xc ./Drivers/STM32G4xx_HAL_Driver/Src/stm32g4xx_ll_usb.o
                0x0000000008009440                USB_SetDevAddress
 .text.USB_DevConnect
                0x000000000800944c       0x18 ./Drivers/STM32G4xx_HAL_Driver/Src/stm32g4xx_ll_usb.o
                0x000000000800944c                USB_DevConnect
 .text.USB_ReadInterrupts
                0x0000000008009464        0x8 ./Drivers/STM32G4xx_HAL_Driver/Src/stm32g4xx_ll_usb.o
                0x0000000008009464                USB_ReadInterrupts
 .text.USB_WritePMA
                0x000000000800946c       0x20 ./Drivers/STM32G4xx_HAL_Driver/Src/stm32g4xx_ll_usb.o
                0x000000000800946c                USB_WritePMA
 .text.USB_ReadPMA
                0x000000000800948c       0x54 ./Drivers/STM32G4xx_HAL_Driver/Src/stm32g4xx_ll_usb.o
                0x000000000800948c                USB_ReadPMA
 .text.XPT2046_TouchPressed
                0x00000000080094e0       0x14 ./Drivers/external/XPT2046_touch.o
                0x00000000080094e0                XPT2046_TouchPressed
 .text.XPT2046_TouchGetCoordinates
                0x00000000080094f4      0x128 ./Drivers/external/XPT2046_touch.o
                0x00000000080094f4                XPT2046_TouchGetCoordinates
 .text.ILI9341_SendData
                0x000000000800961c       0x28 ./Drivers/external/lcd_ili9341.o
                0x000000000800961c                ILI9341_SendData
 .text.ILI9341_SendRepeatedData
                0x0000000008009644       0x18 ./Drivers/external/lcd_ili9341.o
                0x0000000008009644                ILI9341_SendRepeatedData
 .text.ILI9341_SetDisplayWindow
                0x000000000800965c       0xcc ./Drivers/external/lcd_ili9341.o
                0x000000000800965c                ILI9341_SetDisplayWindow
 .text.ILI9341_Init
                0x0000000008009728       0xec ./Drivers/external/lcd_ili9341.o
                0x0000000008009728                ILI9341_Init
 .text.ILI9341_WaitTransfer
                0x0000000008009814        0x8 ./Drivers/external/lcd_ili9341.o
                0x0000000008009814                ILI9341_WaitTransfer
 .text.ILI9341_DisplayOn
                0x000000000800981c       0x10 ./Drivers/external/lcd_ili9341.o
                0x000000000800981c                ILI9341_DisplayOn
 .text.ILI9341_GetParam
                0x000000000800982c       0x2c ./Drivers/external/lcd_ili9341.o
                0x000000000800982c                ILI9341_GetParam
 .text.USBD_CDC_EP0_RxReady
                0x0000000008009858       0x30 ./Middlewares/ST/STM32_USB_Device_Library/Class/CDC/Src/usbd_cdc.o
 .text.USBD_CDC_GetFSCfgDesc
                0x0000000008009888        0xc ./Middlewares/ST/STM32_USB_Device_Library/Class/CDC/Src/usbd_cdc.o
 .text.USBD_CDC_GetHSCfgDesc
                0x0000000008009894        0xc ./Middlewares/ST/STM32_USB_Device_Library/Class/CDC/Src/usbd_cdc.o
 .text.USBD_CDC_GetOtherSpeedCfgDesc
                0x00000000080098a0        0xc ./Middlewares/ST/STM32_USB_Device_Library/Class/CDC/Src/usbd_cdc.o
 .text.USBD_CDC_GetDeviceQualifierDescriptor
                0x00000000080098ac        0xc ./Middlewares/ST/STM32_USB_Device_Library/Class/CDC/Src/usbd_cdc.o
                0x00000000080098ac                USBD_CDC_GetDeviceQualifierDescriptor
 .text.USBD_CDC_DataOut
                0x00000000080098b8       0x2c ./Middlewares/ST/STM32_USB_Device_Library/Class/CDC/Src/usbd_cdc.o
 .text.USBD_CDC_DataIn
                0x00000000080098e4       0x64 ./Middlewares/ST/STM32_USB_Device_Library/Class/CDC/Src/usbd_cdc.o
 .text.USBD_CDC_Setup
                0x0000000008009948      0x10c ./Middlewares/ST/STM32_USB_Device_Library/Class/CDC/Src/usbd_cdc.o
 .text.USBD_CDC_DeInit
                0x0000000008009a54       0x44 ./Middlewares/ST/STM32_USB_Device_Library/Class/CDC/Src/usbd_cdc.o
 .text.USBD_CDC_Init
                0x0000000008009a98       0xb8 ./Middlewares/ST/STM32_USB_Device_Library/Class/CDC/Src/usbd_cdc.o
 .text.USBD_CDC_RegisterInterface
                0x0000000008009b50       0x10 ./Middlewares/ST/STM32_USB_Device_Library/Class/CDC/Src/usbd_cdc.o
                0x0000000008009b50                USBD_CDC_RegisterInterface
 .text.USBD_CDC_SetTxBuffer
                0x0000000008009b60       0x18 ./Middlewares/ST/STM32_USB_Device_Library/Class/CDC/Src/usbd_cdc.o
                0x0000000008009b60                USBD_CDC_SetTxBuffer
 .text.USBD_CDC_SetRxBuffer
                0x0000000008009b78       0x14 ./Middlewares/ST/STM32_USB_Device_Library/Class/CDC/Src/usbd_cdc.o
                0x0000000008009b78                USBD_CDC_SetRxBuffer
 .text.USBD_CDC_ReceivePacket
                0x0000000008009b8c       0x34 ./Middlewares/ST/STM32_USB_Device_Library/Class/CDC/Src/usbd_cdc.o
                0x0000000008009b8c                USBD_CDC_ReceivePacket
 .text.USBD_Init
                0x0000000008009bc0       0x28 ./Middlewares/ST/STM32_USB_Device_Library/Core/Src/usbd_core.o
                0x0000000008009bc0                USBD_Init
 .text.USBD_RegisterClass
                0x0000000008009be8       0x34 ./Middlewares/ST/STM32_USB_Device_Library/Core/Src/usbd_core.o
                0x0000000008009be8                USBD_RegisterClass
 .text.USBD_Start
                0x0000000008009c1c        0x4 ./Middlewares/ST/STM32_USB_Device_Library/Core/Src/usbd_core.o
                0x0000000008009c1c                USBD_Start
 .text.USBD_SetClassConfig
                0x0000000008009c20       0x10 ./Middlewares/ST/STM32_USB_Device_Library/Core/Src/usbd_core.o
                0x0000000008009c20                USBD_SetClassConfig
 .text.USBD_ClrClassConfig
                0x0000000008009c30       0x10 ./Middlewares/ST/STM32_USB_Device_Library/Core/Src/usbd_core.o
                0x0000000008009c30                USBD_ClrClassConfig
 .text.USBD_LL_SetupStage
                0x0000000008009c40       0x60 ./Middlewares/ST/STM32_USB_Device_Library/Core/Src/usbd_core.o
                0x0000000008009c40                USBD_LL_SetupStage
 .text.USBD_LL_DataOutStage
                0x0000000008009ca0       0x68 ./Middlewares/ST/STM32_USB_Device_Library/Core/Src/usbd_core.o
                0x0000000008009ca0                USBD_LL_DataOutStage
 .text.USBD_LL_DataInStage
                0x0000000008009d08       0xac ./Middlewares/ST/STM32_USB_Device_Library/Core/Src/usbd_core.o
                0x0000000008009d08                USBD_LL_DataInStage
 .text.USBD_LL_Reset
                0x0000000008009db4       0x58 ./Middlewares/ST/STM32_USB_Device_Library/Core/Src/usbd_core.o
                0x0000000008009db4                USBD_LL_Reset
 .text.USBD_LL_SetSpeed
                0x0000000008009e0c        0x8 ./Middlewares/ST/STM32_USB_Device_Library/Core/Src/usbd_core.o
                0x0000000008009e0c                USBD_LL_SetSpeed
 .text.USBD_LL_Suspend
                0x0000000008009e14       0x18 ./Middlewares/ST/STM32_USB_Device_Library/Core/Src/usbd_core.o
                0x0000000008009e14                USBD_LL_Suspend
 .text.USBD_LL_Resume
                0x0000000008009e2c       0x18 ./Middlewares/ST/STM32_USB_Device_Library/Core/Src/usbd_core.o
                0x0000000008009e2c                USBD_LL_Resume
 .text.USBD_LL_SOF
                0x0000000008009e44       0x28 ./Middlewares/ST/STM32_USB_Device_Library/Core/Src/usbd_core.o
                0x0000000008009e44                USBD_LL_SOF
 .text.USBD_StdDevReq
                0x0000000008009e6c      0x350 ./Middlewares/ST/STM32_USB_Device_Library/Core/Src/usbd_ctlreq.o
                0x0000000008009e6c                USBD_StdDevReq
 .text.USBD_StdItfReq
                0x000000000800a1bc       0x60 ./Middlewares/ST/STM32_USB_Device_Library/Core/Src/usbd_ctlreq.o
                0x000000000800a1bc                USBD_StdItfReq
 .text.USBD_StdEPReq
                0x000000000800a21c      0x134 ./Middlewares/ST/STM32_USB_Device_Library/Core/Src/usbd_ctlreq.o
                0x000000000800a21c                USBD_StdEPReq
 .text.USBD_ParseSetupRequest
                0x000000000800a350       0x18 ./Middlewares/ST/STM32_USB_Device_Library/Core/Src/usbd_ctlreq.o
                0x000000000800a350                USBD_ParseSetupRequest
 .text.USBD_CtlError
                0x000000000800a368       0x18 ./Middlewares/ST/STM32_USB_Device_Library/Core/Src/usbd_ctlreq.o
                0x000000000800a368                USBD_CtlError
 .text.USBD_GetString
                0x000000000800a380       0x54 ./Middlewares/ST/STM32_USB_Device_Library/Core/Src/usbd_ctlreq.o
                0x000000000800a380                USBD_GetString
 .text.USBD_CtlSendData
                0x000000000800a3d4       0x1c ./Middlewares/ST/STM32_USB_Device_Library/Core/Src/usbd_ioreq.o
                0x000000000800a3d4                USBD_CtlSendData
 .text.USBD_CtlContinueSendData
                0x000000000800a3f0       0x10 ./Middlewares/ST/STM32_USB_Device_Library/Core/Src/usbd_ioreq.o
                0x000000000800a3f0                USBD_CtlContinueSendData
 .text.USBD_CtlPrepareRx
                0x000000000800a400       0x1c ./Middlewares/ST/STM32_USB_Device_Library/Core/Src/usbd_ioreq.o
                0x000000000800a400                USBD_CtlPrepareRx
 .text.USBD_CtlContinueRx
                0x000000000800a41c       0x10 ./Middlewares/ST/STM32_USB_Device_Library/Core/Src/usbd_ioreq.o
                0x000000000800a41c                USBD_CtlContinueRx
 .text.USBD_CtlSendStatus
                0x000000000800a42c       0x18 ./Middlewares/ST/STM32_USB_Device_Library/Core/Src/usbd_ioreq.o
                0x000000000800a42c                USBD_CtlSendStatus
 .text.USBD_CtlReceiveStatus
                0x000000000800a444       0x18 ./Middlewares/ST/STM32_USB_Device_Library/Core/Src/usbd_ioreq.o
                0x000000000800a444                USBD_CtlReceiveStatus
 .text.draw_line.part.0
                0x000000000800a45c      0x118 ./Program/Src/draw.o
 .text.draw_char.part.0
                0x000000000800a574      0x328 ./Program/Src/draw.o
 .text.set_palette_color
                0x000000000800a89c       0x2c ./Program/Src/draw.o
                0x000000000800a89c                set_palette_color
 .text.draw_rect
                0x000000000800a8c8      0x210 ./Program/Src/draw.o
                0x000000000800a8c8                draw_rect
 .text.draw_string
                0x000000000800aad8       0x28 ./Program/Src/draw.o
                0x000000000800aad8                draw_string
 .text.draw_shape
                0x000000000800ab00      0x28c ./Program/Src/draw.o
                0x000000000800ab00                draw_shape
 .text.clear_screen
                0x000000000800ad8c       0x48 ./Program/Src/draw.o
                0x000000000800ad8c                clear_screen
 .text.draw_init
                0x000000000800add4       0x68 ./Program/Src/draw.o
                0x000000000800add4                draw_init
 .text.draw_push
                0x000000000800ae3c       0xc0 ./Program/Src/draw.o
                0x000000000800ae3c                draw_push
 .text.spawn_asteroid
                0x000000000800aefc      0x118 ./Program/Src/game.o
                0x000000000800aefc                spawn_asteroid
 .text.level_setup
                0x000000000800b014      0x118 ./Program/Src/game.o
                0x000000000800b014                level_setup
 .text.score_tick
                0x000000000800b12c       0x80 ./Program/Src/game.o
                0x000000000800b12c                score_tick
 *fill*         0x000000000800b1ac        0x4 
 .text.level_tick
                0x000000000800b1b0      0x8f4 ./Program/Src/game.o
                0x000000000800b1b0                level_tick
 .text.game_init
                0x000000000800baa4       0x50 ./Program/Src/game.o
                0x000000000800baa4                game_init
 .text.game_tick
                0x000000000800baf4       0xa8 ./Program/Src/game.o
                0x000000000800baf4                game_tick
 .text.set_led  0x000000000800bb9c       0x34 ./Program/Src/io.o
                0x000000000800bb9c                set_led
 .text.set_all_led
                0x000000000800bbd0       0x54 ./Program/Src/io.o
                0x000000000800bbd0                set_all_led
 .text.pull_and_update_inputs
                0x000000000800bc24      0x334 ./Program/Src/io.o
                0x000000000800bc24                pull_and_update_inputs
 .text.get_button
                0x000000000800bf58       0x30 ./Program/Src/io.o
                0x000000000800bf58                get_button
 .text.get_thumb
                0x000000000800bf88       0x20 ./Program/Src/io.o
                0x000000000800bf88                get_thumb
 .text.get_touch
                0x000000000800bfa8       0x14 ./Program/Src/io.o
                0x000000000800bfa8                get_touch
 .text.lcd_fill
                0x000000000800bfbc       0x1c ./Program/Src/io.o
                0x000000000800bfbc                lcd_fill
 .text.lcd_init
                0x000000000800bfd8       0x54 ./Program/Src/io.o
                0x000000000800bfd8                lcd_init
 .text.ui_init  0x000000000800c02c        0xc ./Program/Src/ui.o
                0x000000000800c02c                ui_init
 .text.ui_start
                0x000000000800c038        0x4 ./Program/Src/ui.o
                0x000000000800c038                ui_start
 .text.ui_end   0x000000000800c03c       0x20 ./Program/Src/ui.o
                0x000000000800c03c                ui_end
 .text.ui_button
                0x000000000800c05c       0xb4 ./Program/Src/ui.o
                0x000000000800c05c                ui_button
 .text.transform_make
                0x000000000800c110       0x18 ./Program/Src/util.o
                0x000000000800c110                transform_make
 .text.move_transform
                0x000000000800c128       0x6c ./Program/Src/util.o
                0x000000000800c128                move_transform
 .text.point_transform
                0x000000000800c194       0x94 ./Program/Src/util.o
                0x000000000800c194                point_transform
 .text.line_line_intersect
                0x000000000800c228      0x19c ./Program/Src/util.o
                0x000000000800c228                line_line_intersect
 .text.shape_intersect
                0x000000000800c3c4      0x1d4 ./Program/Src/util.o
                0x000000000800c3c4                shape_intersect
 .text.MX_USB_Device_Init
                0x000000000800c598       0x74 ./USB_Device/App/usb_device.o
                0x000000000800c598                MX_USB_Device_Init
 .text.CDC_DeInit_FS
                0x000000000800c60c        0x4 ./USB_Device/App/usbd_cdc_if.o
 .text.CDC_Control_FS
                0x000000000800c610        0x4 ./USB_Device/App/usbd_cdc_if.o
 .text.CDC_TransmitCplt_FS
                0x000000000800c614        0x4 ./USB_Device/App/usbd_cdc_if.o
 .text.CDC_Receive_FS
                0x000000000800c618       0x1c ./USB_Device/App/usbd_cdc_if.o
 .text.CDC_Init_FS
                0x000000000800c634       0x28 ./USB_Device/App/usbd_cdc_if.o
 .text.USBD_CDC_DeviceDescriptor
                0x000000000800c65c        0xc ./USB_Device/App/usbd_desc.o
                0x000000000800c65c                USBD_CDC_DeviceDescriptor
 .text.USBD_CDC_LangIDStrDescriptor
                0x000000000800c668        0xc ./USB_Device/App/usbd_desc.o
                0x000000000800c668                USBD_CDC_LangIDStrDescriptor
 .text.USBD_CDC_ManufacturerStrDescriptor
                0x000000000800c674       0x1c ./USB_Device/App/usbd_desc.o
                0x000000000800c674                USBD_CDC_ManufacturerStrDescriptor
 .text.USBD_CDC_ProductStrDescriptor
                0x000000000800c690       0x1c ./USB_Device/App/usbd_desc.o
                0x000000000800c690                USBD_CDC_ProductStrDescriptor
 .text.USBD_CDC_ConfigStrDescriptor
                0x000000000800c6ac       0x1c ./USB_Device/App/usbd_desc.o
                0x000000000800c6ac                USBD_CDC_ConfigStrDescriptor
 .text.USBD_CDC_InterfaceStrDescriptor
                0x000000000800c6c8       0x1c ./USB_Device/App/usbd_desc.o
                0x000000000800c6c8                USBD_CDC_InterfaceStrDescriptor
 .text.USBD_CDC_SerialStrDescriptor
                0x000000000800c6e4      0x120 ./USB_Device/App/usbd_desc.o
                0x000000000800c6e4                USBD_CDC_SerialStrDescriptor
 .text.HAL_PCD_MspInit
                0x000000000800c804       0x60 ./USB_Device/Target/usbd_conf.o
                0x000000000800c804                HAL_PCD_MspInit
 .text.HAL_PCD_SetupStageCallback
                0x000000000800c864        0xc ./USB_Device/Target/usbd_conf.o
                0x000000000800c864                HAL_PCD_SetupStageCallback
 .text.HAL_PCD_DataOutStageCallback
                0x000000000800c870       0x14 ./USB_Device/Target/usbd_conf.o
                0x000000000800c870                HAL_PCD_DataOutStageCallback
 .text.HAL_PCD_DataInStageCallback
                0x000000000800c884       0x14 ./USB_Device/Target/usbd_conf.o
                0x000000000800c884                HAL_PCD_DataInStageCallback
 .text.HAL_PCD_SOFCallback
                0x000000000800c898        0x8 ./USB_Device/Target/usbd_conf.o
                0x000000000800c898                HAL_PCD_SOFCallback
 .text.HAL_PCD_ResetCallback
                0x000000000800c8a0       0x24 ./USB_Device/Target/usbd_conf.o
                0x000000000800c8a0                HAL_PCD_ResetCallback
 .text.HAL_PCD_SuspendCallback
                0x000000000800c8c4       0x20 ./USB_Device/Target/usbd_conf.o
                0x000000000800c8c4                HAL_PCD_SuspendCallback
 .text.HAL_PCD_ResumeCallback
                0x000000000800c8e4       0x34 ./USB_Device/Target/usbd_conf.o
                0x000000000800c8e4                HAL_PCD_ResumeCallback
 .text.USBD_LL_Init
                0x000000000800c918       0xa8 ./USB_Device/Target/usbd_conf.o
                0x000000000800c918                USBD_LL_Init
 .text.USBD_LL_Start
                0x000000000800c9c0       0x1c ./USB_Device/Target/usbd_conf.o
                0x000000000800c9c0                USBD_LL_Start
 .text.USBD_LL_OpenEP
                0x000000000800c9dc       0x20 ./USB_Device/Target/usbd_conf.o
                0x000000000800c9dc                USBD_LL_OpenEP
 .text.USBD_LL_CloseEP
                0x000000000800c9fc       0x1c ./USB_Device/Target/usbd_conf.o
                0x000000000800c9fc                USBD_LL_CloseEP
 .text.USBD_LL_StallEP
                0x000000000800ca18       0x1c ./USB_Device/Target/usbd_conf.o
                0x000000000800ca18                USBD_LL_StallEP
 .text.USBD_LL_ClearStallEP
                0x000000000800ca34       0x1c ./USB_Device/Target/usbd_conf.o
                0x000000000800ca34                USBD_LL_ClearStallEP
 .text.USBD_LL_IsStallEP
                0x000000000800ca50       0x28 ./USB_Device/Target/usbd_conf.o
                0x000000000800ca50                USBD_LL_IsStallEP
 .text.USBD_LL_SetUSBAddress
                0x000000000800ca78       0x1c ./USB_Device/Target/usbd_conf.o
                0x000000000800ca78                USBD_LL_SetUSBAddress
 .text.USBD_LL_Transmit
                0x000000000800ca94       0x1c ./USB_Device/Target/usbd_conf.o
                0x000000000800ca94                USBD_LL_Transmit
 .text.USBD_LL_PrepareReceive
                0x000000000800cab0       0x1c ./USB_Device/Target/usbd_conf.o
                0x000000000800cab0                USBD_LL_PrepareReceive
 .text.USBD_LL_GetRxDataSize
                0x000000000800cacc        0x8 ./USB_Device/Target/usbd_conf.o
                0x000000000800cacc                USBD_LL_GetRxDataSize
 .text.HAL_PCDEx_LPM_Callback
                0x000000000800cad4       0x50 ./USB_Device/Target/usbd_conf.o
                0x000000000800cad4                HAL_PCDEx_LPM_Callback
 .text.USBD_static_malloc
                0x000000000800cb24        0x8 ./USB_Device/Target/usbd_conf.o
                0x000000000800cb24                USBD_static_malloc
 .text.USBD_static_free
                0x000000000800cb2c        0x4 ./USB_Device/Target/usbd_conf.o
                0x000000000800cb2c                USBD_static_free
 .text.cos      0x000000000800cb30       0xa8 c:/st/stm32cubeide_1.9.0/stm32cubeide/plugins/com.st.stm32cube.ide.mcu.externaltools.gnu-tools-for-stm32.10.3-2021.10.win32_1.0.0.202111181127/tools/bin/../lib/gcc/arm-none-eabi/10.3.1/../../../../arm-none-eabi/lib/thumb/v7e-m+fp/hard\libm.a(lib_a-s_cos.o)
                0x000000000800cb30                cos
 .text.sin      0x000000000800cbd8       0xb0 c:/st/stm32cubeide_1.9.0/stm32cubeide/plugins/com.st.stm32cube.ide.mcu.externaltools.gnu-tools-for-stm32.10.3-2021.10.win32_1.0.0.202111181127/tools/bin/../lib/gcc/arm-none-eabi/10.3.1/../../../../arm-none-eabi/lib/thumb/v7e-m+fp/hard\libm.a(lib_a-s_sin.o)
                0x000000000800cbd8                sin
 .text.cosf     0x000000000800cc88       0x88 c:/st/stm32cubeide_1.9.0/stm32cubeide/plugins/com.st.stm32cube.ide.mcu.externaltools.gnu-tools-for-stm32.10.3-2021.10.win32_1.0.0.202111181127/tools/bin/../lib/gcc/arm-none-eabi/10.3.1/../../../../arm-none-eabi/lib/thumb/v7e-m+fp/hard\libm.a(lib_a-sf_cos.o)
                0x000000000800cc88                cosf
 .text.sinf     0x000000000800cd10       0x8c c:/st/stm32cubeide_1.9.0/stm32cubeide/plugins/com.st.stm32cube.ide.mcu.externaltools.gnu-tools-for-stm32.10.3-2021.10.win32_1.0.0.202111181127/tools/bin/../lib/gcc/arm-none-eabi/10.3.1/../../../../arm-none-eabi/lib/thumb/v7e-m+fp/hard\libm.a(lib_a-sf_sin.o)
                0x000000000800cd10                sinf
 .text.atan2f   0x000000000800cd9c        0x4 c:/st/stm32cubeide_1.9.0/stm32cubeide/plugins/com.st.stm32cube.ide.mcu.externaltools.gnu-tools-for-stm32.10.3-2021.10.win32_1.0.0.202111181127/tools/bin/../lib/gcc/arm-none-eabi/10.3.1/../../../../arm-none-eabi/lib/thumb/v7e-m+fp/hard\libm.a(lib_a-wf_atan2.o)
                0x000000000800cd9c                atan2f
 .text.__ieee754_rem_pio2
                0x000000000800cda0      0x418 c:/st/stm32cubeide_1.9.0/stm32cubeide/plugins/com.st.stm32cube.ide.mcu.externaltools.gnu-tools-for-stm32.10.3-2021.10.win32_1.0.0.202111181127/tools/bin/../lib/gcc/arm-none-eabi/10.3.1/../../../../arm-none-eabi/lib/thumb/v7e-m+fp/hard\libm.a(lib_a-e_rem_pio2.o)
                0x000000000800cda0                __ieee754_rem_pio2
 .text.__ieee754_atan2f
                0x000000000800d1b8      0x140 c:/st/stm32cubeide_1.9.0/stm32cubeide/plugins/com.st.stm32cube.ide.mcu.externaltools.gnu-tools-for-stm32.10.3-2021.10.win32_1.0.0.202111181127/tools/bin/../lib/gcc/arm-none-eabi/10.3.1/../../../../arm-none-eabi/lib/thumb/v7e-m+fp/hard\libm.a(lib_a-ef_atan2.o)
                0x000000000800d1b8                __ieee754_atan2f
 .text.__ieee754_rem_pio2f
                0x000000000800d2f8      0x278 c:/st/stm32cubeide_1.9.0/stm32cubeide/plugins/com.st.stm32cube.ide.mcu.externaltools.gnu-tools-for-stm32.10.3-2021.10.win32_1.0.0.202111181127/tools/bin/../lib/gcc/arm-none-eabi/10.3.1/../../../../arm-none-eabi/lib/thumb/v7e-m+fp/hard\libm.a(lib_a-ef_rem_pio2.o)
                0x000000000800d2f8                __ieee754_rem_pio2f
 .text.__kernel_cos
                0x000000000800d570      0x18c c:/st/stm32cubeide_1.9.0/stm32cubeide/plugins/com.st.stm32cube.ide.mcu.externaltools.gnu-tools-for-stm32.10.3-2021.10.win32_1.0.0.202111181127/tools/bin/../lib/gcc/arm-none-eabi/10.3.1/../../../../arm-none-eabi/lib/thumb/v7e-m+fp/hard\libm.a(lib_a-k_cos.o)
                0x000000000800d570                __kernel_cos
 *fill*         0x000000000800d6fc        0x4 
 .text.__kernel_rem_pio2
                0x000000000800d700      0x69c c:/st/stm32cubeide_1.9.0/stm32cubeide/plugins/com.st.stm32cube.ide.mcu.externaltools.gnu-tools-for-stm32.10.3-2021.10.win32_1.0.0.202111181127/tools/bin/../lib/gcc/arm-none-eabi/10.3.1/../../../../arm-none-eabi/lib/thumb/v7e-m+fp/hard\libm.a(lib_a-k_rem_pio2.o)
                0x000000000800d700                __kernel_rem_pio2
 *fill*         0x000000000800dd9c        0x4 
 .text.__kernel_sin
                0x000000000800dda0      0x17c c:/st/stm32cubeide_1.9.0/stm32cubeide/plugins/com.st.stm32cube.ide.mcu.externaltools.gnu-tools-for-stm32.10.3-2021.10.win32_1.0.0.202111181127/tools/bin/../lib/gcc/arm-none-eabi/10.3.1/../../../../arm-none-eabi/lib/thumb/v7e-m+fp/hard\libm.a(lib_a-k_sin.o)
                0x000000000800dda0                __kernel_sin
 .text.__kernel_cosf
                0x000000000800df1c       0xc0 c:/st/stm32cubeide_1.9.0/stm32cubeide/plugins/com.st.stm32cube.ide.mcu.externaltools.gnu-tools-for-stm32.10.3-2021.10.win32_1.0.0.202111181127/tools/bin/../lib/gcc/arm-none-eabi/10.3.1/../../../../arm-none-eabi/lib/thumb/v7e-m+fp/hard\libm.a(lib_a-kf_cos.o)
                0x000000000800df1c                __kernel_cosf
 .text.__kernel_rem_pio2f
                0x000000000800dfdc      0x4ec c:/st/stm32cubeide_1.9.0/stm32cubeide/plugins/com.st.stm32cube.ide.mcu.externaltools.gnu-tools-for-stm32.10.3-2021.10.win32_1.0.0.202111181127/tools/bin/../lib/gcc/arm-none-eabi/10.3.1/../../../../arm-none-eabi/lib/thumb/v7e-m+fp/hard\libm.a(lib_a-kf_rem_pio2.o)
                0x000000000800dfdc                __kernel_rem_pio2f
 .text.__kernel_sinf
                0x000000000800e4c8       0x90 c:/st/stm32cubeide_1.9.0/stm32cubeide/plugins/com.st.stm32cube.ide.mcu.externaltools.gnu-tools-for-stm32.10.3-2021.10.win32_1.0.0.202111181127/tools/bin/../lib/gcc/arm-none-eabi/10.3.1/../../../../arm-none-eabi/lib/thumb/v7e-m+fp/hard\libm.a(lib_a-kf_sin.o)
                0x000000000800e4c8                __kernel_sinf
 .text.fabs     0x000000000800e558       0x12 c:/st/stm32cubeide_1.9.0/stm32cubeide/plugins/com.st.stm32cube.ide.mcu.externaltools.gnu-tools-for-stm32.10.3-2021.10.win32_1.0.0.202111181127/tools/bin/../lib/gcc/arm-none-eabi/10.3.1/../../../../arm-none-eabi/lib/thumb/v7e-m+fp/hard\libm.a(lib_a-s_fabs.o)
                0x000000000800e558                fabs
 *fill*         0x000000000800e56a        0x6 
 .text.floor    0x000000000800e570      0x100 c:/st/stm32cubeide_1.9.0/stm32cubeide/plugins/com.st.stm32cube.ide.mcu.externaltools.gnu-tools-for-stm32.10.3-2021.10.win32_1.0.0.202111181127/tools/bin/../lib/gcc/arm-none-eabi/10.3.1/../../../../arm-none-eabi/lib/thumb/v7e-m+fp/hard\libm.a(lib_a-s_floor.o)
                0x000000000800e570                floor
 .text.scalbn   0x000000000800e670      0x10c c:/st/stm32cubeide_1.9.0/stm32cubeide/plugins/com.st.stm32cube.ide.mcu.externaltools.gnu-tools-for-stm32.10.3-2021.10.win32_1.0.0.202111181127/tools/bin/../lib/gcc/arm-none-eabi/10.3.1/../../../../arm-none-eabi/lib/thumb/v7e-m+fp/hard\libm.a(lib_a-s_scalbn.o)
                0x000000000800e670                scalbn
 .text.atanf    0x000000000800e77c      0x1a8 c:/st/stm32cubeide_1.9.0/stm32cubeide/plugins/com.st.stm32cube.ide.mcu.externaltools.gnu-tools-for-stm32.10.3-2021.10.win32_1.0.0.202111181127/tools/bin/../lib/gcc/arm-none-eabi/10.3.1/../../../../arm-none-eabi/lib/thumb/v7e-m+fp/hard\libm.a(lib_a-sf_atan.o)
                0x000000000800e77c                atanf
 .text.fabsf    0x000000000800e924        0xe c:/st/stm32cubeide_1.9.0/stm32cubeide/plugins/com.st.stm32cube.ide.mcu.externaltools.gnu-tools-for-stm32.10.3-2021.10.win32_1.0.0.202111181127/tools/bin/../lib/gcc/arm-none-eabi/10.3.1/../../../../arm-none-eabi/lib/thumb/v7e-m+fp/hard\libm.a(lib_a-sf_fabs.o)
                0x000000000800e924                fabsf
 *fill*         0x000000000800e932        0x2 
 .text.floorf   0x000000000800e934       0x84 c:/st/stm32cubeide_1.9.0/stm32cubeide/plugins/com.st.stm32cube.ide.mcu.externaltools.gnu-tools-for-stm32.10.3-2021.10.win32_1.0.0.202111181127/tools/bin/../lib/gcc/arm-none-eabi/10.3.1/../../../../arm-none-eabi/lib/thumb/v7e-m+fp/hard\libm.a(lib_a-sf_floor.o)
                0x000000000800e934                floorf
 .text.scalbnf  0x000000000800e9b8       0xe4 c:/st/stm32cubeide_1.9.0/stm32cubeide/plugins/com.st.stm32cube.ide.mcu.externaltools.gnu-tools-for-stm32.10.3-2021.10.win32_1.0.0.202111181127/tools/bin/../lib/gcc/arm-none-eabi/10.3.1/../../../../arm-none-eabi/lib/thumb/v7e-m+fp/hard\libm.a(lib_a-sf_scalbn.o)
                0x000000000800e9b8                scalbnf
 .text.__errno  0x000000000800ea9c        0xc c:/st/stm32cubeide_1.9.0/stm32cubeide/plugins/com.st.stm32cube.ide.mcu.externaltools.gnu-tools-for-stm32.10.3-2021.10.win32_1.0.0.202111181127/tools/bin/../lib/gcc/arm-none-eabi/10.3.1/../../../../arm-none-eabi/lib/thumb/v7e-m+fp/hard\libc_nano.a(lib_a-errno.o)
                0x000000000800ea9c                __errno
 .text.__libc_init_array
                0x000000000800eaa8       0x48 c:/st/stm32cubeide_1.9.0/stm32cubeide/plugins/com.st.stm32cube.ide.mcu.externaltools.gnu-tools-for-stm32.10.3-2021.10.win32_1.0.0.202111181127/tools/bin/../lib/gcc/arm-none-eabi/10.3.1/../../../../arm-none-eabi/lib/thumb/v7e-m+fp/hard\libc_nano.a(lib_a-init.o)
                0x000000000800eaa8                __libc_init_array
 .text.malloc   0x000000000800eaf0       0x10 c:/st/stm32cubeide_1.9.0/stm32cubeide/plugins/com.st.stm32cube.ide.mcu.externaltools.gnu-tools-for-stm32.10.3-2021.10.win32_1.0.0.202111181127/tools/bin/../lib/gcc/arm-none-eabi/10.3.1/../../../../arm-none-eabi/lib/thumb/v7e-m+fp/hard\libc_nano.a(lib_a-malloc.o)
                0x000000000800eaf0                malloc
 .text.memset   0x000000000800eb00       0x10 c:/st/stm32cubeide_1.9.0/stm32cubeide/plugins/com.st.stm32cube.ide.mcu.externaltools.gnu-tools-for-stm32.10.3-2021.10.win32_1.0.0.202111181127/tools/bin/../lib/gcc/arm-none-eabi/10.3.1/../../../../arm-none-eabi/lib/thumb/v7e-m+fp/hard\libc_nano.a(lib_a-memset.o)
                0x000000000800eb00                memset
 .text._free_r  0x000000000800eb10       0x98 c:/st/stm32cubeide_1.9.0/stm32cubeide/plugins/com.st.stm32cube.ide.mcu.externaltools.gnu-tools-for-stm32.10.3-2021.10.win32_1.0.0.202111181127/tools/bin/../lib/gcc/arm-none-eabi/10.3.1/../../../../arm-none-eabi/lib/thumb/v7e-m+fp/hard\libc_nano.a(lib_a-nano-freer.o)
                0x000000000800eb10                _free_r
 .text.sbrk_aligned
                0x000000000800eba8       0x40 c:/st/stm32cubeide_1.9.0/stm32cubeide/plugins/com.st.stm32cube.ide.mcu.externaltools.gnu-tools-for-stm32.10.3-2021.10.win32_1.0.0.202111181127/tools/bin/../lib/gcc/arm-none-eabi/10.3.1/../../../../arm-none-eabi/lib/thumb/v7e-m+fp/hard\libc_nano.a(lib_a-nano-mallocr.o)
 .text._malloc_r
                0x000000000800ebe8       0xe8 c:/st/stm32cubeide_1.9.0/stm32cubeide/plugins/com.st.stm32cube.ide.mcu.externaltools.gnu-tools-for-stm32.10.3-2021.10.win32_1.0.0.202111181127/tools/bin/../lib/gcc/arm-none-eabi/10.3.1/../../../../arm-none-eabi/lib/thumb/v7e-m+fp/hard\libc_nano.a(lib_a-nano-mallocr.o)
                0x000000000800ebe8                _malloc_r
 .text.rand     0x000000000800ecd0       0x7c c:/st/stm32cubeide_1.9.0/stm32cubeide/plugins/com.st.stm32cube.ide.mcu.externaltools.gnu-tools-for-stm32.10.3-2021.10.win32_1.0.0.202111181127/tools/bin/../lib/gcc/arm-none-eabi/10.3.1/../../../../arm-none-eabi/lib/thumb/v7e-m+fp/hard\libc_nano.a(lib_a-rand.o)
                0x000000000800ecd0                rand
 .text._sbrk_r  0x000000000800ed4c       0x20 c:/st/stm32cubeide_1.9.0/stm32cubeide/plugins/com.st.stm32cube.ide.mcu.externaltools.gnu-tools-for-stm32.10.3-2021.10.win32_1.0.0.202111181127/tools/bin/../lib/gcc/arm-none-eabi/10.3.1/../../../../arm-none-eabi/lib/thumb/v7e-m+fp/hard\libc_nano.a(lib_a-sbrkr.o)
                0x000000000800ed4c                _sbrk_r
 .text.sprintf  0x000000000800ed6c       0x40 c:/st/stm32cubeide_1.9.0/stm32cubeide/plugins/com.st.stm32cube.ide.mcu.externaltools.gnu-tools-for-stm32.10.3-2021.10.win32_1.0.0.202111181127/tools/bin/../lib/gcc/arm-none-eabi/10.3.1/../../../../arm-none-eabi/lib/thumb/v7e-m+fp/hard\libc_nano.a(lib_a-sprintf.o)
                0x000000000800ed6c                siprintf
                0x000000000800ed6c                sprintf
 .text.__assert_func
                0x000000000800edac       0x3c c:/st/stm32cubeide_1.9.0/stm32cubeide/plugins/com.st.stm32cube.ide.mcu.externaltools.gnu-tools-for-stm32.10.3-2021.10.win32_1.0.0.202111181127/tools/bin/../lib/gcc/arm-none-eabi/10.3.1/../../../../arm-none-eabi/lib/thumb/v7e-m+fp/hard\libc_nano.a(lib_a-assert.o)
                0x000000000800edac                __assert_func
 .text.fprintf  0x000000000800ede8       0x24 c:/st/stm32cubeide_1.9.0/stm32cubeide/plugins/com.st.stm32cube.ide.mcu.externaltools.gnu-tools-for-stm32.10.3-2021.10.win32_1.0.0.202111181127/tools/bin/../lib/gcc/arm-none-eabi/10.3.1/../../../../arm-none-eabi/lib/thumb/v7e-m+fp/hard\libc_nano.a(lib_a-fprintf.o)
                0x000000000800ede8                fiprintf
                0x000000000800ede8                fprintf
 .text.__malloc_lock
                0x000000000800ee0c        0xc c:/st/stm32cubeide_1.9.0/stm32cubeide/plugins/com.st.stm32cube.ide.mcu.externaltools.gnu-tools-for-stm32.10.3-2021.10.win32_1.0.0.202111181127/tools/bin/../lib/gcc/arm-none-eabi/10.3.1/../../../../arm-none-eabi/lib/thumb/v7e-m+fp/hard\libc_nano.a(lib_a-mlock.o)
                0x000000000800ee0c                __malloc_lock
 .text.__malloc_unlock
                0x000000000800ee18        0xc c:/st/stm32cubeide_1.9.0/stm32cubeide/plugins/com.st.stm32cube.ide.mcu.externaltools.gnu-tools-for-stm32.10.3-2021.10.win32_1.0.0.202111181127/tools/bin/../lib/gcc/arm-none-eabi/10.3.1/../../../../arm-none-eabi/lib/thumb/v7e-m+fp/hard\libc_nano.a(lib_a-mlock.o)
                0x000000000800ee18                __malloc_unlock
 .text.__ssputs_r
                0x000000000800ee24       0xb6 c:/st/stm32cubeide_1.9.0/stm32cubeide/plugins/com.st.stm32cube.ide.mcu.externaltools.gnu-tools-for-stm32.10.3-2021.10.win32_1.0.0.202111181127/tools/bin/../lib/gcc/arm-none-eabi/10.3.1/../../../../arm-none-eabi/lib/thumb/v7e-m+fp/hard\libc_nano.a(lib_a-nano-svfprintf.o)
                0x000000000800ee24                __ssputs_r
 *fill*         0x000000000800eeda        0x2 
 .text._svfprintf_r
                0x000000000800eedc      0x200 c:/st/stm32cubeide_1.9.0/stm32cubeide/plugins/com.st.stm32cube.ide.mcu.externaltools.gnu-tools-for-stm32.10.3-2021.10.win32_1.0.0.202111181127/tools/bin/../lib/gcc/arm-none-eabi/10.3.1/../../../../arm-none-eabi/lib/thumb/v7e-m+fp/hard\libc_nano.a(lib_a-nano-svfprintf.o)
                0x000000000800eedc                _svfiprintf_r
                0x000000000800eedc                _svfprintf_r
 .text.__sfputc_r
                0x000000000800f0dc       0x2e c:/st/stm32cubeide_1.9.0/stm32cubeide/plugins/com.st.stm32cube.ide.mcu.externaltools.gnu-tools-for-stm32.10.3-2021.10.win32_1.0.0.202111181127/tools/bin/../lib/gcc/arm-none-eabi/10.3.1/../../../../arm-none-eabi/lib/thumb/v7e-m+fp/hard\libc_nano.a(lib_a-nano-vfprintf.o)
 .text.__sfputs_r
                0x000000000800f10a       0x24 c:/st/stm32cubeide_1.9.0/stm32cubeide/plugins/com.st.stm32cube.ide.mcu.externaltools.gnu-tools-for-stm32.10.3-2021.10.win32_1.0.0.202111181127/tools/bin/../lib/gcc/arm-none-eabi/10.3.1/../../../../arm-none-eabi/lib/thumb/v7e-m+fp/hard\libc_nano.a(lib_a-nano-vfprintf.o)
                0x000000000800f10a                __sfputs_r
 *fill*         0x000000000800f12e        0x2 
 .text._vfprintf_r
                0x000000000800f130      0x260 c:/st/stm32cubeide_1.9.0/stm32cubeide/plugins/com.st.stm32cube.ide.mcu.externaltools.gnu-tools-for-stm32.10.3-2021.10.win32_1.0.0.202111181127/tools/bin/../lib/gcc/arm-none-eabi/10.3.1/../../../../arm-none-eabi/lib/thumb/v7e-m+fp/hard\libc_nano.a(lib_a-nano-vfprintf.o)
                0x000000000800f130                _vfprintf_r
                0x000000000800f130                _vfiprintf_r
 .text._printf_common
                0x000000000800f390       0xda c:/st/stm32cubeide_1.9.0/stm32cubeide/plugins/com.st.stm32cube.ide.mcu.externaltools.gnu-tools-for-stm32.10.3-2021.10.win32_1.0.0.202111181127/tools/bin/../lib/gcc/arm-none-eabi/10.3.1/../../../../arm-none-eabi/lib/thumb/v7e-m+fp/hard\libc_nano.a(lib_a-nano-vfprintf_i.o)
                0x000000000800f390                _printf_common
 *fill*         0x000000000800f46a        0x2 
 .text._printf_i
                0x000000000800f46c      0x24c c:/st/stm32cubeide_1.9.0/stm32cubeide/plugins/com.st.stm32cube.ide.mcu.externaltools.gnu-tools-for-stm32.10.3-2021.10.win32_1.0.0.202111181127/tools/bin/../lib/gcc/arm-none-eabi/10.3.1/../../../../arm-none-eabi/lib/thumb/v7e-m+fp/hard\libc_nano.a(lib_a-nano-vfprintf_i.o)
                0x000000000800f46c                _printf_i
 .text.__swbuf_r
                0x000000000800f6b8       0xa4 c:/st/stm32cubeide_1.9.0/stm32cubeide/plugins/com.st.stm32cube.ide.mcu.externaltools.gnu-tools-for-stm32.10.3-2021.10.win32_1.0.0.202111181127/tools/bin/../lib/gcc/arm-none-eabi/10.3.1/../../../../arm-none-eabi/lib/thumb/v7e-m+fp/hard\libc_nano.a(lib_a-wbuf.o)
                0x000000000800f6b8                __swbuf_r
 .text.__swsetup_r
                0x000000000800f75c       0xdc c:/st/stm32cubeide_1.9.0/stm32cubeide/plugins/com.st.stm32cube.ide.mcu.externaltools.gnu-tools-for-stm32.10.3-2021.10.win32_1.0.0.202111181127/tools/bin/../lib/gcc/arm-none-eabi/10.3.1/../../../../arm-none-eabi/lib/thumb/v7e-m+fp/hard\libc_nano.a(lib_a-wsetup.o)
                0x000000000800f75c                __swsetup_r
 .text.abort    0x000000000800f838        0xe c:/st/stm32cubeide_1.9.0/stm32cubeide/plugins/com.st.stm32cube.ide.mcu.externaltools.gnu-tools-for-stm32.10.3-2021.10.win32_1.0.0.202111181127/tools/bin/../lib/gcc/arm-none-eabi/10.3.1/../../../../arm-none-eabi/lib/thumb/v7e-m+fp/hard\libc_nano.a(lib_a-abort.o)
                0x000000000800f838                abort
 *fill*         0x000000000800f846        0x2 
 .text.__sflush_r
                0x000000000800f848      0x10c c:/st/stm32cubeide_1.9.0/stm32cubeide/plugins/com.st.stm32cube.ide.mcu.externaltools.gnu-tools-for-stm32.10.3-2021.10.win32_1.0.0.202111181127/tools/bin/../lib/gcc/arm-none-eabi/10.3.1/../../../../arm-none-eabi/lib/thumb/v7e-m+fp/hard\libc_nano.a(lib_a-fflush.o)
                0x000000000800f848                __sflush_r
 .text._fflush_r
                0x000000000800f954       0x78 c:/st/stm32cubeide_1.9.0/stm32cubeide/plugins/com.st.stm32cube.ide.mcu.externaltools.gnu-tools-for-stm32.10.3-2021.10.win32_1.0.0.202111181127/tools/bin/../lib/gcc/arm-none-eabi/10.3.1/../../../../arm-none-eabi/lib/thumb/v7e-m+fp/hard\libc_nano.a(lib_a-fflush.o)
                0x000000000800f954                _fflush_r
 .text.std      0x000000000800f9cc       0x48 c:/st/stm32cubeide_1.9.0/stm32cubeide/plugins/com.st.stm32cube.ide.mcu.externaltools.gnu-tools-for-stm32.10.3-2021.10.win32_1.0.0.202111181127/tools/bin/../lib/gcc/arm-none-eabi/10.3.1/../../../../arm-none-eabi/lib/thumb/v7e-m+fp/hard\libc_nano.a(lib_a-findfp.o)
 .text._cleanup_r
                0x000000000800fa14        0xc c:/st/stm32cubeide_1.9.0/stm32cubeide/plugins/com.st.stm32cube.ide.mcu.externaltools.gnu-tools-for-stm32.10.3-2021.10.win32_1.0.0.202111181127/tools/bin/../lib/gcc/arm-none-eabi/10.3.1/../../../../arm-none-eabi/lib/thumb/v7e-m+fp/hard\libc_nano.a(lib_a-findfp.o)
                0x000000000800fa14                _cleanup_r
 .text.__sfmoreglue
                0x000000000800fa20       0x2c c:/st/stm32cubeide_1.9.0/stm32cubeide/plugins/com.st.stm32cube.ide.mcu.externaltools.gnu-tools-for-stm32.10.3-2021.10.win32_1.0.0.202111181127/tools/bin/../lib/gcc/arm-none-eabi/10.3.1/../../../../arm-none-eabi/lib/thumb/v7e-m+fp/hard\libc_nano.a(lib_a-findfp.o)
                0x000000000800fa20                __sfmoreglue
 .text.__sfp_lock_acquire
                0x000000000800fa4c        0xc c:/st/stm32cubeide_1.9.0/stm32cubeide/plugins/com.st.stm32cube.ide.mcu.externaltools.gnu-tools-for-stm32.10.3-2021.10.win32_1.0.0.202111181127/tools/bin/../lib/gcc/arm-none-eabi/10.3.1/../../../../arm-none-eabi/lib/thumb/v7e-m+fp/hard\libc_nano.a(lib_a-findfp.o)
                0x000000000800fa4c                __sfp_lock_acquire
 .text.__sfp_lock_release
                0x000000000800fa58        0xc c:/st/stm32cubeide_1.9.0/stm32cubeide/plugins/com.st.stm32cube.ide.mcu.externaltools.gnu-tools-for-stm32.10.3-2021.10.win32_1.0.0.202111181127/tools/bin/../lib/gcc/arm-none-eabi/10.3.1/../../../../arm-none-eabi/lib/thumb/v7e-m+fp/hard\libc_nano.a(lib_a-findfp.o)
                0x000000000800fa58                __sfp_lock_release
 .text.__sinit_lock_acquire
                0x000000000800fa64        0xc c:/st/stm32cubeide_1.9.0/stm32cubeide/plugins/com.st.stm32cube.ide.mcu.externaltools.gnu-tools-for-stm32.10.3-2021.10.win32_1.0.0.202111181127/tools/bin/../lib/gcc/arm-none-eabi/10.3.1/../../../../arm-none-eabi/lib/thumb/v7e-m+fp/hard\libc_nano.a(lib_a-findfp.o)
                0x000000000800fa64                __sinit_lock_acquire
 .text.__sinit_lock_release
                0x000000000800fa70        0xc c:/st/stm32cubeide_1.9.0/stm32cubeide/plugins/com.st.stm32cube.ide.mcu.externaltools.gnu-tools-for-stm32.10.3-2021.10.win32_1.0.0.202111181127/tools/bin/../lib/gcc/arm-none-eabi/10.3.1/../../../../arm-none-eabi/lib/thumb/v7e-m+fp/hard\libc_nano.a(lib_a-findfp.o)
                0x000000000800fa70                __sinit_lock_release
 .text.__sinit  0x000000000800fa7c       0x70 c:/st/stm32cubeide_1.9.0/stm32cubeide/plugins/com.st.stm32cube.ide.mcu.externaltools.gnu-tools-for-stm32.10.3-2021.10.win32_1.0.0.202111181127/tools/bin/../lib/gcc/arm-none-eabi/10.3.1/../../../../arm-none-eabi/lib/thumb/v7e-m+fp/hard\libc_nano.a(lib_a-findfp.o)
                0x000000000800fa7c                __sinit
 .text.__sfp    0x000000000800faec       0x8c c:/st/stm32cubeide_1.9.0/stm32cubeide/plugins/com.st.stm32cube.ide.mcu.externaltools.gnu-tools-for-stm32.10.3-2021.10.win32_1.0.0.202111181127/tools/bin/../lib/gcc/arm-none-eabi/10.3.1/../../../../arm-none-eabi/lib/thumb/v7e-m+fp/hard\libc_nano.a(lib_a-findfp.o)
                0x000000000800faec                __sfp
 .text._fwalk_reent
                0x000000000800fb78       0x3e c:/st/stm32cubeide_1.9.0/stm32cubeide/plugins/com.st.stm32cube.ide.mcu.externaltools.gnu-tools-for-stm32.10.3-2021.10.win32_1.0.0.202111181127/tools/bin/../lib/gcc/arm-none-eabi/10.3.1/../../../../arm-none-eabi/lib/thumb/v7e-m+fp/hard\libc_nano.a(lib_a-fwalk.o)
                0x000000000800fb78                _fwalk_reent
 .text.__retarget_lock_init_recursive
                0x000000000800fbb6        0x2 c:/st/stm32cubeide_1.9.0/stm32cubeide/plugins/com.st.stm32cube.ide.mcu.externaltools.gnu-tools-for-stm32.10.3-2021.10.win32_1.0.0.202111181127/tools/bin/../lib/gcc/arm-none-eabi/10.3.1/../../../../arm-none-eabi/lib/thumb/v7e-m+fp/hard\libc_nano.a(lib_a-lock.o)
                0x000000000800fbb6                __retarget_lock_init_recursive
 .text.__retarget_lock_acquire_recursive